Archive member included to satisfy reference by file (symbol)

/usr/lib/gcc/arm-none-eabi/6.3.1/../../../arm-none-eabi/lib/thumb/v7-m/libc_nano.a(lib_a-atexit.o)
                              /usr/lib/gcc/arm-none-eabi/6.3.1/../../../arm-none-eabi/lib/thumb/v7-m/crt0.o (atexit)
/usr/lib/gcc/arm-none-eabi/6.3.1/../../../arm-none-eabi/lib/thumb/v7-m/libc_nano.a(lib_a-exit.o)
                              /usr/lib/gcc/arm-none-eabi/6.3.1/../../../arm-none-eabi/lib/thumb/v7-m/crt0.o (exit)
/usr/lib/gcc/arm-none-eabi/6.3.1/../../../arm-none-eabi/lib/thumb/v7-m/libc_nano.a(lib_a-fini.o)
                              /usr/lib/gcc/arm-none-eabi/6.3.1/../../../arm-none-eabi/lib/thumb/v7-m/crt0.o (__libc_fini_array)
/usr/lib/gcc/arm-none-eabi/6.3.1/../../../arm-none-eabi/lib/thumb/v7-m/libc_nano.a(lib_a-impure.o)
                              /usr/lib/gcc/arm-none-eabi/6.3.1/../../../arm-none-eabi/lib/thumb/v7-m/libc_nano.a(lib_a-exit.o) (_global_impure_ptr)
/usr/lib/gcc/arm-none-eabi/6.3.1/../../../arm-none-eabi/lib/thumb/v7-m/libc_nano.a(lib_a-init.o)
                              /usr/lib/gcc/arm-none-eabi/6.3.1/../../../arm-none-eabi/lib/thumb/v7-m/crt0.o (__libc_init_array)
/usr/lib/gcc/arm-none-eabi/6.3.1/../../../arm-none-eabi/lib/thumb/v7-m/libc_nano.a(lib_a-memset.o)
                              /usr/lib/gcc/arm-none-eabi/6.3.1/../../../arm-none-eabi/lib/thumb/v7-m/crt0.o (memset)
/usr/lib/gcc/arm-none-eabi/6.3.1/../../../arm-none-eabi/lib/thumb/v7-m/libc_nano.a(lib_a-strtok.o)
                              build/FwLogger.o (strtok)
/usr/lib/gcc/arm-none-eabi/6.3.1/../../../arm-none-eabi/lib/thumb/v7-m/libc_nano.a(lib_a-strtok_r.o)
                              /usr/lib/gcc/arm-none-eabi/6.3.1/../../../arm-none-eabi/lib/thumb/v7-m/libc_nano.a(lib_a-strtok.o) (__strtok_r)
/usr/lib/gcc/arm-none-eabi/6.3.1/../../../arm-none-eabi/lib/thumb/v7-m/libc_nano.a(lib_a-__atexit.o)
                              /usr/lib/gcc/arm-none-eabi/6.3.1/../../../arm-none-eabi/lib/thumb/v7-m/libc_nano.a(lib_a-atexit.o) (__register_exitproc)
/usr/lib/gcc/arm-none-eabi/6.3.1/../../../arm-none-eabi/lib/thumb/v7-m/libc_nano.a(lib_a-__call_atexit.o)
                              /usr/lib/gcc/arm-none-eabi/6.3.1/../../../arm-none-eabi/lib/thumb/v7-m/libc_nano.a(lib_a-__atexit.o) (__call_exitprocs)
/usr/lib/gcc/arm-none-eabi/6.3.1/../../../arm-none-eabi/lib/thumb/v7-m/libc_nano.a(lib_a-malloc.o)
                              /usr/lib/gcc/arm-none-eabi/6.3.1/../../../arm-none-eabi/lib/thumb/v7-m/libc_nano.a(lib_a-strtok.o) (malloc)
/usr/lib/gcc/arm-none-eabi/6.3.1/../../../arm-none-eabi/lib/thumb/v7-m/libc_nano.a(lib_a-nano-freer.o)
                              /usr/lib/gcc/arm-none-eabi/6.3.1/../../../arm-none-eabi/lib/thumb/v7-m/libc_nano.a(lib_a-malloc.o) (_free_r)
/usr/lib/gcc/arm-none-eabi/6.3.1/../../../arm-none-eabi/lib/thumb/v7-m/libc_nano.a(lib_a-nano-mallocr.o)
                              /usr/lib/gcc/arm-none-eabi/6.3.1/../../../arm-none-eabi/lib/thumb/v7-m/libc_nano.a(lib_a-malloc.o) (_malloc_r)
/usr/lib/gcc/arm-none-eabi/6.3.1/../../../arm-none-eabi/lib/thumb/v7-m/libc_nano.a(lib_a-sbrkr.o)
                              /usr/lib/gcc/arm-none-eabi/6.3.1/../../../arm-none-eabi/lib/thumb/v7-m/libc_nano.a(lib_a-nano-mallocr.o) (_sbrk_r)
/usr/lib/gcc/arm-none-eabi/6.3.1/../../../arm-none-eabi/lib/thumb/v7-m/libc_nano.a(lib_a-reent.o)
                              /usr/lib/gcc/arm-none-eabi/6.3.1/../../../arm-none-eabi/lib/thumb/v7-m/libc_nano.a(lib_a-sbrkr.o) (errno)
/usr/lib/gcc/arm-none-eabi/6.3.1/../../../arm-none-eabi/lib/thumb/v7-m/libnosys.a(sbrk.o)
                              /usr/lib/gcc/arm-none-eabi/6.3.1/../../../arm-none-eabi/lib/thumb/v7-m/libc_nano.a(lib_a-sbrkr.o) (_sbrk)
/usr/lib/gcc/arm-none-eabi/6.3.1/../../../arm-none-eabi/lib/thumb/v7-m/libnosys.a(_exit.o)
                              /usr/lib/gcc/arm-none-eabi/6.3.1/../../../arm-none-eabi/lib/thumb/v7-m/libc_nano.a(lib_a-exit.o) (_exit)

Allocating common symbols
Common symbol       size              file

errno               0x4               /usr/lib/gcc/arm-none-eabi/6.3.1/../../../arm-none-eabi/lib/thumb/v7-m/libc_nano.a(lib_a-reent.o)
uwTick              0x4               build/stm32f1xx_hal.o
pFlash              0x20              build/stm32f1xx_hal_flash.o

Discarded input sections

 .text          0x0000000000000000        0x0 /usr/lib/gcc/arm-none-eabi/6.3.1/thumb/v7-m/crti.o
 .data          0x0000000000000000        0x0 /usr/lib/gcc/arm-none-eabi/6.3.1/thumb/v7-m/crti.o
 .bss           0x0000000000000000        0x0 /usr/lib/gcc/arm-none-eabi/6.3.1/thumb/v7-m/crti.o
 .data          0x0000000000000000        0x4 /usr/lib/gcc/arm-none-eabi/6.3.1/thumb/v7-m/crtbegin.o
 .text          0x0000000000000000       0x68 /usr/lib/gcc/arm-none-eabi/6.3.1/../../../arm-none-eabi/lib/thumb/v7-m/crt0.o
 .data          0x0000000000000000        0x0 /usr/lib/gcc/arm-none-eabi/6.3.1/../../../arm-none-eabi/lib/thumb/v7-m/crt0.o
[...]
Memory Configuration

Name             Origin             Length             Attributes
RAM              0x0000000020000000 0x0000000000010000 xrw
FLASH            0x0000000008000000 0x0000000000080000 xr
*default*        0x0000000000000000 0xffffffffffffffff

Linker script and memory map

LOAD /usr/lib/gcc/arm-none-eabi/6.3.1/thumb/v7-m/crti.o
LOAD /usr/lib/gcc/arm-none-eabi/6.3.1/thumb/v7-m/crtbegin.o
LOAD /usr/lib/gcc/arm-none-eabi/6.3.1/../../../arm-none-eabi/lib/thumb/v7-m/crt0.o
LOAD build/stm32f1xx_it.o
LOAD build/stm32f1xx_hal_msp.o
LOAD build/stm32f1xx_hal_gpio_ex.o
LOAD build/stm32f1xx_hal_adc.o
LOAD build/stm32f1xx_hal_adc_ex.o
LOAD build/stm32f1xx_hal.o
LOAD build/stm32f1xx_hal_rcc.o
LOAD build/stm32f1xx_hal_rcc_ex.o
LOAD build/stm32f1xx_hal_gpio.o
LOAD build/stm32f1xx_hal_dma.o
LOAD build/stm32f1xx_hal_cortex.o
LOAD build/stm32f1xx_hal_pwr.o
LOAD build/stm32f1xx_hal_flash.o
LOAD build/stm32f1xx_hal_flash_ex.o
LOAD build/stm32f1xx_hal_exti.o
LOAD build/stm32f1xx_hal_dac.o
LOAD build/stm32f1xx_hal_dac_ex.o
LOAD build/stm32f1xx_hal_i2c.o
LOAD build/stm32f1xx_hal_rtc.o
LOAD build/stm32f1xx_hal_rtc_ex.o
LOAD build/stm32f1xx_ll_sdmmc.o
LOAD build/stm32f1xx_hal_sd.o
LOAD build/stm32f1xx_hal_spi.o
LOAD build/stm32f1xx_hal_tim.o
LOAD build/stm32f1xx_hal_tim_ex.o
LOAD build/stm32f1xx_hal_uart.o
LOAD build/system_stm32f1xx.o
LOAD build/main.o
LOAD build/FwLogger.o
LOAD build/startup_stm32f103xe.o
LOAD /usr/lib/gcc/arm-none-eabi/6.3.1/../../../arm-none-eabi/lib/thumb/v7-m/libc_nano.a
LOAD /usr/lib/gcc/arm-none-eabi/6.3.1/../../../arm-none-eabi/lib/thumb/v7-m/libm.a
LOAD /usr/lib/gcc/arm-none-eabi/6.3.1/../../../arm-none-eabi/lib/thumb/v7-m/libnosys.a
START GROUP
LOAD /usr/lib/gcc/arm-none-eabi/6.3.1/thumb/v7-m/libgcc.a
LOAD /usr/lib/gcc/arm-none-eabi/6.3.1/../../../arm-none-eabi/lib/thumb/v7-m/libc_nano.a
END GROUP
START GROUP
LOAD /usr/lib/gcc/arm-none-eabi/6.3.1/thumb/v7-m/libgcc.a
LOAD /usr/lib/gcc/arm-none-eabi/6.3.1/../../../arm-none-eabi/lib/thumb/v7-m/libc_nano.a
END GROUP
LOAD /usr/lib/gcc/arm-none-eabi/6.3.1/thumb/v7-m/crtend.o
LOAD /usr/lib/gcc/arm-none-eabi/6.3.1/thumb/v7-m/crtn.o
                0x0000000020010000                _estack = 0x20010000
                0x0000000000000200                _Min_Heap_Size = 0x200
                0x0000000000000400                _Min_Stack_Size = 0x400

.isr_vector     0x0000000008000000      0x1e4
                0x0000000008000000                . = ALIGN (0x4)
 *(.isr_vector)
 .isr_vector    0x0000000008000000      0x1e4 build/startup_stm32f103xe.o
                0x0000000008000000                g_pfnVectors
                0x00000000080001e4                . = ALIGN (0x4)

.text           0x00000000080001e4     0x4c14
                0x00000000080001e4                . = ALIGN (0x4)
 *(.text)
 .text          0x00000000080001e4       0xa4 /usr/lib/gcc/arm-none-eabi/6.3.1/thumb/v7-m/crtbegin.o
 .text          0x0000000008000288       0x50 /usr/lib/gcc/arm-none-eabi/6.3.1/../../../arm-none-eabi/lib/thumb/v7-m/libc_nano.a(lib_a-init.o)
                0x0000000008000288                __libc_init_array
 .text          0x00000000080002d8       0x9c /usr/lib/gcc/arm-none-eabi/6.3.1/../../../arm-none-eabi/lib/thumb/v7-m/libc_nano.a(lib_a-memset.o)
                0x00000000080002d8                memset
 .text          0x0000000008000374       0x58 /usr/lib/gcc/arm-none-eabi/6.3.1/../../../arm-none-eabi/lib/thumb/v7-m/libc_nano.a(lib_a-strtok.o)
                0x0000000008000374                strtok
 .text          0x00000000080003cc       0x6c /usr/lib/gcc/arm-none-eabi/6.3.1/../../../arm-none-eabi/lib/thumb/v7-m/libc_nano.a(lib_a-strtok_r.o)
                0x00000000080003cc                __strtok_r
                0x0000000008000430                strtok_r
 .text          0x0000000008000438       0x20 /usr/lib/gcc/arm-none-eabi/6.3.1/../../../arm-none-eabi/lib/thumb/v7-m/libc_nano.a(lib_a-malloc.o)
                0x0000000008000438                malloc
                0x0000000008000448                free
 .text          0x0000000008000458       0x90 /usr/lib/gcc/arm-none-eabi/6.3.1/../../../arm-none-eabi/lib/thumb/v7-m/libc_nano.a(lib_a-nano-freer.o)
                0x0000000008000458                _free_r
 .text          0x00000000080004e8       0xbc /usr/lib/gcc/arm-none-eabi/6.3.1/../../../arm-none-eabi/lib/thumb/v7-m/libc_nano.a(lib_a-nano-mallocr.o)
                0x00000000080004e8                _malloc_r
 .text          0x00000000080005a4       0x24 /usr/lib/gcc/arm-none-eabi/6.3.1/../../../arm-none-eabi/lib/thumb/v7-m/libc_nano.a(lib_a-sbrkr.o)
                0x00000000080005a4                _sbrk_r
 .text          0x00000000080005c8       0x1c /usr/lib/gcc/arm-none-eabi/6.3.1/../../../arm-none-eabi/lib/thumb/v7-m/libnosys.a(sbrk.o)
                0x00000000080005c8                _sbrk
 *(.text*)
 .text.NMI_Handler
                0x00000000080005e4        0x2 build/stm32f1xx_it.o
                0x00000000080005e4                NMI_Handler
 .text.HardFault_Handler
                0x00000000080005e6        0x2 build/stm32f1xx_it.o
                0x00000000080005e6                HardFault_Handler
 .text.MemManage_Handler
                0x00000000080005e8        0x2 build/stm32f1xx_it.o
                0x00000000080005e8                MemManage_Handler
 .text.BusFault_Handler
                0x00000000080005ea        0x2 build/stm32f1xx_it.o
                0x00000000080005ea                BusFault_Handler
 .text.UsageFault_Handler
                0x00000000080005ec        0x2 build/stm32f1xx_it.o
                0x00000000080005ec                UsageFault_Handler
 .text.SVC_Handler
                0x00000000080005ee        0x2 build/stm32f1xx_it.o
                0x00000000080005ee                SVC_Handler
 .text.DebugMon_Handler
                0x00000000080005f0        0x2 build/stm32f1xx_it.o
                0x00000000080005f0                DebugMon_Handler
 .text.PendSV_Handler
                0x00000000080005f2        0x2 build/stm32f1xx_it.o
                0x00000000080005f2                PendSV_Handler
 .text.SysTick_Handler
                0x00000000080005f4        0x8 build/stm32f1xx_it.o
                0x00000000080005f4                SysTick_Handler
 .text.DMA1_Channel2_IRQHandler
                0x00000000080005fc       0x10 build/stm32f1xx_it.o
                0x00000000080005fc                DMA1_Channel2_IRQHandler
 .text.DMA1_Channel3_IRQHandler
                0x000000000800060c       0x10 build/stm32f1xx_it.o
                0x000000000800060c                DMA1_Channel3_IRQHandler
 .text.DMA1_Channel4_IRQHandler
                0x000000000800061c       0x10 build/stm32f1xx_it.o
                0x000000000800061c                DMA1_Channel4_IRQHandler
 .text.DMA1_Channel6_IRQHandler
                0x000000000800062c       0x10 build/stm32f1xx_it.o
                0x000000000800062c                DMA1_Channel6_IRQHandler
 .text.DMA1_Channel7_IRQHandler
                0x000000000800063c       0x10 build/stm32f1xx_it.o
                0x000000000800063c                DMA1_Channel7_IRQHandler
 .text.SPI1_IRQHandler
                0x000000000800064c       0x10 build/stm32f1xx_it.o
                0x000000000800064c                SPI1_IRQHandler
 .text.USART1_IRQHandler
                0x000000000800065c       0x10 build/stm32f1xx_it.o
                0x000000000800065c                USART1_IRQHandler
 .text.HAL_MspInit
                0x000000000800066c       0x44 build/stm32f1xx_hal_msp.o
                0x000000000800066c                HAL_MspInit
 .text.HAL_ADC_MspInit
                0x00000000080006b0      0x160 build/stm32f1xx_hal_msp.o
                0x00000000080006b0                HAL_ADC_MspInit
 .text.HAL_DAC_MspInit
                0x0000000008000810       0x60 build/stm32f1xx_hal_msp.o
                0x0000000008000810                HAL_DAC_MspInit
 .text.HAL_I2C_MspInit
                0x0000000008000870       0xe0 build/stm32f1xx_hal_msp.o
                0x0000000008000870                HAL_I2C_MspInit
 .text.HAL_RTC_MspInit
                0x0000000008000950       0x40 build/stm32f1xx_hal_msp.o
                0x0000000008000950                HAL_RTC_MspInit
 .text.HAL_SD_MspInit
                0x0000000008000990       0x88 build/stm32f1xx_hal_msp.o
                0x0000000008000990                HAL_SD_MspInit
 .text.HAL_SPI_MspInit
                0x0000000008000a18      0x178 build/stm32f1xx_hal_msp.o
                0x0000000008000a18                HAL_SPI_MspInit
 .text.HAL_TIM_OC_MspInit
                0x0000000008000b90       0x4c build/stm32f1xx_hal_msp.o
                0x0000000008000b90                HAL_TIM_OC_MspInit
 .text.HAL_TIM_PWM_MspInit
                0x0000000008000bdc       0x4c build/stm32f1xx_hal_msp.o
                0x0000000008000bdc                HAL_TIM_PWM_MspInit
 .text.HAL_TIM_MspPostInit
                0x0000000008000c28      0x138 build/stm32f1xx_hal_msp.o
                0x0000000008000c28                HAL_TIM_MspPostInit
 .text.HAL_UART_MspInit
                0x0000000008000d60      0x200 build/stm32f1xx_hal_msp.o
                0x0000000008000d60                HAL_UART_MspInit
 .text.HAL_ADC_ConvCpltCallback
                0x0000000008000f60        0x2 build/stm32f1xx_hal_adc.o
                0x0000000008000f60                HAL_ADC_ConvCpltCallback
 .text.ADC_DMAConvCplt
                0x0000000008000f62       0x52 build/stm32f1xx_hal_adc.o
                0x0000000008000f62                ADC_DMAConvCplt
 .text.HAL_ADC_ConvHalfCpltCallback
                0x0000000008000fb4        0x2 build/stm32f1xx_hal_adc.o
                0x0000000008000fb4                HAL_ADC_ConvHalfCpltCallback
 .text.ADC_DMAHalfConvCplt
                0x0000000008000fb6        0xa build/stm32f1xx_hal_adc.o
                0x0000000008000fb6                ADC_DMAHalfConvCplt
 .text.HAL_ADC_ErrorCallback
                0x0000000008000fc0        0x2 build/stm32f1xx_hal_adc.o
                0x0000000008000fc0                HAL_ADC_ErrorCallback
 .text.ADC_DMAError
                0x0000000008000fc2       0x1a build/stm32f1xx_hal_adc.o
                0x0000000008000fc2                ADC_DMAError
 .text.HAL_ADC_ConfigChannel
                0x0000000008000fdc      0x138 build/stm32f1xx_hal_adc.o
                0x0000000008000fdc                HAL_ADC_ConfigChannel
 .text.ADC_Enable
                0x0000000008001114       0x80 build/stm32f1xx_hal_adc.o
                0x0000000008001114                ADC_Enable
 .text.HAL_ADC_Start_DMA
                0x0000000008001194      0x130 build/stm32f1xx_hal_adc.o
                0x0000000008001194                HAL_ADC_Start_DMA
 .text.ADC_ConversionStop_Disable
                0x00000000080012c4       0x4c build/stm32f1xx_hal_adc.o
                0x00000000080012c4                ADC_ConversionStop_Disable
 .text.HAL_ADC_Init
                0x0000000008001310      0x12c build/stm32f1xx_hal_adc.o
                0x0000000008001310                HAL_ADC_Init
 .text.HAL_InitTick
                0x000000000800143c       0x4c build/stm32f1xx_hal.o
                0x000000000800143c                HAL_InitTick
 .text.HAL_Init
                0x0000000008001488       0x24 build/stm32f1xx_hal.o
                0x0000000008001488                HAL_Init
 .text.HAL_IncTick
                0x00000000080014ac       0x18 build/stm32f1xx_hal.o
                0x00000000080014ac                HAL_IncTick
 .text.HAL_GetTick
                0x00000000080014c4        0xc build/stm32f1xx_hal.o
                0x00000000080014c4                HAL_GetTick
 .text.HAL_Delay
                0x00000000080014d0       0x28 build/stm32f1xx_hal.o
                0x00000000080014d0                HAL_Delay
 .text.RCC_Delay
                0x00000000080014f8       0x2c build/stm32f1xx_hal_rcc.o
 .text.HAL_RCC_OscConfig
                0x0000000008001524      0x410 build/stm32f1xx_hal_rcc.o
                0x0000000008001524                HAL_RCC_OscConfig
 .text.HAL_RCC_GetSysClockFreq
                0x0000000008001934       0x7c build/stm32f1xx_hal_rcc.o
                0x0000000008001934                HAL_RCC_GetSysClockFreq
 .text.HAL_RCC_ClockConfig
                0x00000000080019b0      0x168 build/stm32f1xx_hal_rcc.o
                0x00000000080019b0                HAL_RCC_ClockConfig
 .text.HAL_RCC_GetHCLKFreq
                0x0000000008001b18        0xc build/stm32f1xx_hal_rcc.o
                0x0000000008001b18                HAL_RCC_GetHCLKFreq
 .text.HAL_RCC_GetPCLK1Freq
                0x0000000008001b24       0x20 build/stm32f1xx_hal_rcc.o
                0x0000000008001b24                HAL_RCC_GetPCLK1Freq
 .text.HAL_RCC_GetPCLK2Freq
                0x0000000008001b44       0x20 build/stm32f1xx_hal_rcc.o
                0x0000000008001b44                HAL_RCC_GetPCLK2Freq
 .text.HAL_RCCEx_PeriphCLKConfig
                0x0000000008001b64      0x114 build/stm32f1xx_hal_rcc_ex.o
                0x0000000008001b64                HAL_RCCEx_PeriphCLKConfig
 .text.HAL_RCCEx_GetPeriphCLKFreq
                0x0000000008001c78      0x118 build/stm32f1xx_hal_rcc_ex.o
                0x0000000008001c78                HAL_RCCEx_GetPeriphCLKFreq
 .text.HAL_GPIO_Init
                0x0000000008001d90      0x200 build/stm32f1xx_hal_gpio.o
                0x0000000008001d90                HAL_GPIO_Init
 .text.HAL_GPIO_WritePin
                0x0000000008001f90        0xc build/stm32f1xx_hal_gpio.o
                0x0000000008001f90                HAL_GPIO_WritePin
 .text.HAL_GPIO_TogglePin
                0x0000000008001f9c        0xe build/stm32f1xx_hal_gpio.o
                0x0000000008001f9c                HAL_GPIO_TogglePin
 .text.DMA_SetConfig
                0x0000000008001faa       0x2c build/stm32f1xx_hal_dma.o
 *fill*         0x0000000008001fd6        0x2 
 .text.HAL_DMA_Init
                0x0000000008001fd8       0x98 build/stm32f1xx_hal_dma.o
                0x0000000008001fd8                HAL_DMA_Init
 .text.HAL_DMA_Start_IT
                0x0000000008002070       0x74 build/stm32f1xx_hal_dma.o
                0x0000000008002070                HAL_DMA_Start_IT
 .text.HAL_DMA_Abort_IT
                0x00000000080020e4      0x15c build/stm32f1xx_hal_dma.o
                0x00000000080020e4                HAL_DMA_Abort_IT
 .text.HAL_DMA_IRQHandler
                0x0000000008002240      0x2d0 build/stm32f1xx_hal_dma.o
                0x0000000008002240                HAL_DMA_IRQHandler
 .text.HAL_NVIC_SetPriorityGrouping
                0x0000000008002510       0x24 build/stm32f1xx_hal_cortex.o
                0x0000000008002510                HAL_NVIC_SetPriorityGrouping
 .text.HAL_NVIC_SetPriority
                0x0000000008002534       0x64 build/stm32f1xx_hal_cortex.o
                0x0000000008002534                HAL_NVIC_SetPriority
 .text.HAL_NVIC_EnableIRQ
                0x0000000008002598       0x1c build/stm32f1xx_hal_cortex.o
                0x0000000008002598                HAL_NVIC_EnableIRQ
 .text.HAL_SYSTICK_Config
                0x00000000080025b4       0x2c build/stm32f1xx_hal_cortex.o
                0x00000000080025b4                HAL_SYSTICK_Config
 .text.HAL_PWR_EnableBkUpAccess
                0x00000000080025e0        0xc build/stm32f1xx_hal_pwr.o
                0x00000000080025e0                HAL_PWR_EnableBkUpAccess
 .text.HAL_DAC_Init
                0x00000000080025ec       0x24 build/stm32f1xx_hal_dac.o
                0x00000000080025ec                HAL_DAC_Init
 .text.HAL_DAC_ConfigChannel
                0x0000000008002610       0x54 build/stm32f1xx_hal_dac.o
                0x0000000008002610                HAL_DAC_ConfigChannel
 .text.HAL_I2C_Init
                0x0000000008002664      0x1a0 build/stm32f1xx_hal_i2c.o
                0x0000000008002664                HAL_I2C_Init
 .text.RTC_ReadTimeCounter
                0x0000000008002804       0x26 build/stm32f1xx_hal_rtc.o
 .text.RTC_ReadAlarmCounter
                0x000000000800282a        0xe build/stm32f1xx_hal_rtc.o
 .text.RTC_Bcd2ToByte
                0x0000000008002838       0x12 build/stm32f1xx_hal_rtc.o
 *fill*         0x000000000800284a        0x2 
 .text.RTC_WeekDayNum
                0x000000000800284c       0x9c build/stm32f1xx_hal_rtc.o
 .text.RTC_EnterInitMode
                0x00000000080028e8       0x30 build/stm32f1xx_hal_rtc.o
 .text.RTC_ExitInitMode
                0x0000000008002918       0x32 build/stm32f1xx_hal_rtc.o
 .text.RTC_WriteTimeCounter
                0x000000000800294a       0x2e build/stm32f1xx_hal_rtc.o
 .text.RTC_WriteAlarmCounter
                0x0000000008002978       0x2e build/stm32f1xx_hal_rtc.o
 .text.HAL_RTC_SetTime
                0x00000000080029a6       0xc2 build/stm32f1xx_hal_rtc.o
                0x00000000080029a6                HAL_RTC_SetTime
 .text.HAL_RTC_SetDate
                0x0000000008002a68       0xd8 build/stm32f1xx_hal_rtc.o
                0x0000000008002a68                HAL_RTC_SetDate
 .text.HAL_RTC_WaitForSynchro
                0x0000000008002b40       0x38 build/stm32f1xx_hal_rtc.o
                0x0000000008002b40                HAL_RTC_WaitForSynchro
 .text.HAL_RTC_Init
                0x0000000008002b78       0xc4 build/stm32f1xx_hal_rtc.o
                0x0000000008002b78                HAL_RTC_Init
 .text.SDMMC_GetCmdError
                0x0000000008002c3c       0x38 build/stm32f1xx_ll_sdmmc.o
 .text.SDMMC_GetCmdResp2
                0x0000000008002c74       0x60 build/stm32f1xx_ll_sdmmc.o
 .text.SDMMC_GetCmdResp3
                0x0000000008002cd4       0x50 build/stm32f1xx_ll_sdmmc.o
 .text.SDMMC_GetCmdResp7
                0x0000000008002d24       0x6c build/stm32f1xx_ll_sdmmc.o
 .text.SDIO_Init
                0x0000000008002d90       0x36 build/stm32f1xx_ll_sdmmc.o
                0x0000000008002d90                SDIO_Init
 .text.SDIO_ReadFIFO
                0x0000000008002dc6        0x6 build/stm32f1xx_ll_sdmmc.o
                0x0000000008002dc6                SDIO_ReadFIFO
 .text.SDIO_PowerState_ON
                0x0000000008002dcc       0x10 build/stm32f1xx_ll_sdmmc.o
                0x0000000008002dcc                SDIO_PowerState_ON
 .text.SDIO_GetPowerState
                0x0000000008002ddc        0x8 build/stm32f1xx_ll_sdmmc.o
                0x0000000008002ddc                SDIO_GetPowerState
 .text.SDIO_SendCommand
                0x0000000008002de4       0x24 build/stm32f1xx_ll_sdmmc.o
                0x0000000008002de4                SDIO_SendCommand
 .text.SDIO_GetCommandResponse
                0x0000000008002e08        0x6 build/stm32f1xx_ll_sdmmc.o
                0x0000000008002e08                SDIO_GetCommandResponse
 .text.SDIO_GetResponse
                0x0000000008002e0e        0x6 build/stm32f1xx_ll_sdmmc.o
                0x0000000008002e0e                SDIO_GetResponse
 .text.SDMMC_GetCmdResp1
                0x0000000008002e14      0x158 build/stm32f1xx_ll_sdmmc.o
 .text.SDMMC_GetCmdResp6
                0x0000000008002f6c       0xa4 build/stm32f1xx_ll_sdmmc.o
 .text.SDIO_ConfigData
                0x0000000008003010       0x24 build/stm32f1xx_ll_sdmmc.o
                0x0000000008003010                SDIO_ConfigData
 .text.SDMMC_CmdBlockLength
                0x0000000008003034       0x30 build/stm32f1xx_ll_sdmmc.o
                0x0000000008003034                SDMMC_CmdBlockLength
 .text.SDMMC_CmdSelDesel
                0x0000000008003064       0x30 build/stm32f1xx_ll_sdmmc.o
                0x0000000008003064                SDMMC_CmdSelDesel
 .text.SDMMC_CmdGoIdleState
                0x0000000008003094       0x26 build/stm32f1xx_ll_sdmmc.o
                0x0000000008003094                SDMMC_CmdGoIdleState
 .text.SDMMC_CmdOperCond
                0x00000000080030ba       0x2e build/stm32f1xx_ll_sdmmc.o
                0x00000000080030ba                SDMMC_CmdOperCond
 .text.SDMMC_CmdAppCommand
                0x00000000080030e8       0x30 build/stm32f1xx_ll_sdmmc.o
                0x00000000080030e8                SDMMC_CmdAppCommand
 .text.SDMMC_CmdAppOperCommand
                0x0000000008003118       0x32 build/stm32f1xx_ll_sdmmc.o
                0x0000000008003118                SDMMC_CmdAppOperCommand
 .text.SDMMC_CmdBusWidth
                0x000000000800314a       0x30 build/stm32f1xx_ll_sdmmc.o
                0x000000000800314a                SDMMC_CmdBusWidth
 .text.SDMMC_CmdSendSCR
                0x000000000800317a       0x30 build/stm32f1xx_ll_sdmmc.o
                0x000000000800317a                SDMMC_CmdSendSCR
 .text.SDMMC_CmdSendCID
                0x00000000080031aa       0x2a build/stm32f1xx_ll_sdmmc.o
                0x00000000080031aa                SDMMC_CmdSendCID
 .text.SDMMC_CmdSendCSD
                0x00000000080031d4       0x2a build/stm32f1xx_ll_sdmmc.o
                0x00000000080031d4                SDMMC_CmdSendCSD
 .text.SDMMC_CmdSetRelAdd
                0x00000000080031fe       0x30 build/stm32f1xx_ll_sdmmc.o
                0x00000000080031fe                SDMMC_CmdSetRelAdd
 *fill*         0x000000000800322e        0x2 
 .text.SD_PowerON
                0x0000000008003230       0xc0 build/stm32f1xx_hal_sd.o
 .text.SD_FindSCR
                0x00000000080032f0      0x106 build/stm32f1xx_hal_sd.o
 .text.SD_WideBus_Enable
                0x00000000080033f6       0x5a build/stm32f1xx_hal_sd.o
 .text.SD_WideBus_Disable
                0x0000000008003450       0x5a build/stm32f1xx_hal_sd.o
 *fill*         0x00000000080034aa        0x2 
 .text.HAL_SD_GetCardCSD
                0x00000000080034ac      0x1bc build/stm32f1xx_hal_sd.o
                0x00000000080034ac                HAL_SD_GetCardCSD
 .text.SD_InitCard
                0x0000000008003668       0xfc build/stm32f1xx_hal_sd.o
 .text.HAL_SD_InitCard
                0x0000000008003764       0x7c build/stm32f1xx_hal_sd.o
                0x0000000008003764                HAL_SD_InitCard
 .text.HAL_SD_Init
                0x00000000080037e0       0x3e build/stm32f1xx_hal_sd.o
                0x00000000080037e0                HAL_SD_Init
 *fill*         0x000000000800381e        0x2 
 .text.HAL_SD_ConfigWideBusOperation
                0x0000000008003820       0xa4 build/stm32f1xx_hal_sd.o
                0x0000000008003820                HAL_SD_ConfigWideBusOperation
 .text.HAL_SPI_Init
                0x00000000080038c4       0x7c build/stm32f1xx_hal_spi.o
                0x00000000080038c4                HAL_SPI_Init
 .text.HAL_SPI_ErrorCallback
                0x0000000008003940        0x2 build/stm32f1xx_hal_spi.o
                0x0000000008003940                HAL_SPI_ErrorCallback
 *fill*         0x0000000008003942        0x2 
 .text.HAL_SPI_IRQHandler
                0x0000000008003944      0x100 build/stm32f1xx_hal_spi.o
                0x0000000008003944                HAL_SPI_IRQHandler
 .text.SPI_DMAAbortOnError
                0x0000000008003a44       0x10 build/stm32f1xx_hal_spi.o
 .text.TIM_OC1_SetConfig
                0x0000000008003a54       0x6c build/stm32f1xx_hal_tim.o
 .text.TIM_OC3_SetConfig
                0x0000000008003ac0       0x74 build/stm32f1xx_hal_tim.o
 .text.TIM_OC4_SetConfig
                0x0000000008003b34       0x50 build/stm32f1xx_hal_tim.o
 .text.TIM_Base_SetConfig
                0x0000000008003b84       0x9c build/stm32f1xx_hal_tim.o
                0x0000000008003b84                TIM_Base_SetConfig
 .text.HAL_TIM_OC_Init
                0x0000000008003c20       0x32 build/stm32f1xx_hal_tim.o
                0x0000000008003c20                HAL_TIM_OC_Init
 .text.HAL_TIM_PWM_Init
                0x0000000008003c52       0x32 build/stm32f1xx_hal_tim.o
                0x0000000008003c52                HAL_TIM_PWM_Init
 .text.TIM_OC2_SetConfig
                0x0000000008003c84       0x74 build/stm32f1xx_hal_tim.o
                0x0000000008003c84                TIM_OC2_SetConfig
 .text.HAL_TIM_OC_ConfigChannel
                0x0000000008003cf8       0x5e build/stm32f1xx_hal_tim.o
                0x0000000008003cf8                HAL_TIM_OC_ConfigChannel
 .text.HAL_TIM_PWM_ConfigChannel
                0x0000000008003d56       0xdc build/stm32f1xx_hal_tim.o
                0x0000000008003d56                HAL_TIM_PWM_ConfigChannel
 .text.HAL_TIMEx_MasterConfigSynchronization
                0x0000000008003e32       0x46 build/stm32f1xx_hal_tim_ex.o
                0x0000000008003e32                HAL_TIMEx_MasterConfigSynchronization
 .text.HAL_TIMEx_ConfigBreakDeadTime
                0x0000000008003e78       0x52 build/stm32f1xx_hal_tim_ex.o
                0x0000000008003e78                HAL_TIMEx_ConfigBreakDeadTime
 .text.UART_EndRxTransfer
                0x0000000008003eca       0x1c build/stm32f1xx_hal_uart.o
 .text.UART_Transmit_IT
                0x0000000008003ee6       0x6a build/stm32f1xx_hal_uart.o
 .text.UART_SetConfig
                0x0000000008003f50       0xcc build/stm32f1xx_hal_uart.o
 .text.HAL_UART_Init
                0x000000000800401c       0x5e build/stm32f1xx_hal_uart.o
                0x000000000800401c                HAL_UART_Init
 .text.HAL_UART_Transmit_IT
                0x000000000800407a       0x48 build/stm32f1xx_hal_uart.o
                0x000000000800407a                HAL_UART_Transmit_IT
 .text.HAL_UART_Receive_IT
                0x00000000080040c2       0x5c build/stm32f1xx_hal_uart.o
                0x00000000080040c2                HAL_UART_Receive_IT
 .text.UART_EndTransmit_IT
                0x000000000800411e       0x1a build/stm32f1xx_hal_uart.o
 .text.UART_Receive_IT
                0x0000000008004138       0x9e build/stm32f1xx_hal_uart.o
 .text.HAL_UART_ErrorCallback
                0x00000000080041d6        0x2 build/stm32f1xx_hal_uart.o
                0x00000000080041d6                HAL_UART_ErrorCallback
 .text.HAL_UART_IRQHandler
                0x00000000080041d8      0x120 build/stm32f1xx_hal_uart.o
                0x00000000080041d8                HAL_UART_IRQHandler
 .text.UART_DMAAbortOnError
                0x00000000080042f8       0x10 build/stm32f1xx_hal_uart.o
 .text.SystemInit
                0x0000000008004308       0x4c build/system_stm32f1xx.o
                0x0000000008004308                SystemInit
 .text._ZL12MX_GPIO_Initv
                0x0000000008004354      0x180 build/main.o
 .text._ZL11MX_DMA_Initv
                0x00000000080044d4       0x74 build/main.o
 .text._ZL12MX_ADC1_Initv
                0x0000000008004548       0x9c build/main.o
 .text._ZL12MX_ADC3_Initv
                0x00000000080045e4       0x94 build/main.o
 .text._ZL11MX_DAC_Initv
                0x0000000008004678       0x30 build/main.o
 .text._ZL12MX_I2C1_Initv
                0x00000000080046a8       0x34 build/main.o
 .text._ZL12MX_I2C2_Initv
                0x00000000080046dc       0x34 build/main.o
 .text._ZL11MX_RTC_Initv
                0x0000000008004710       0x64 build/main.o
 .text._ZL15MX_SDIO_SD_Initv
                0x0000000008004774       0x30 build/main.o
 .text._ZL12MX_SPI1_Initv
                0x00000000080047a4       0x3c build/main.o
 .text._ZL12MX_SPI2_Initv
                0x00000000080047e0       0x38 build/main.o
 .text._ZL12MX_SPI3_Initv
                0x0000000008004818       0x38 build/main.o
 .text._ZL12MX_TIM1_Initv
                0x0000000008004850       0x8c build/main.o
 .text._ZL12MX_TIM2_Initv
                0x00000000080048dc       0x5c build/main.o
 .text._ZL12MX_TIM3_Initv
                0x0000000008004938       0x60 build/main.o
 .text._ZL12MX_TIM4_Initv
                0x0000000008004998       0x60 build/main.o
 .text._ZL19MX_USART1_UART_Initv
                0x00000000080049f8       0x2c build/main.o
 .text._ZL19MX_USART2_UART_Initv
                0x0000000008004a24       0x2c build/main.o
 .text._ZL19MX_USART3_UART_Initv
                0x0000000008004a50       0x2c build/main.o
 .text._Z41__static_initialization_and_destruction_0ii
                0x0000000008004a7c       0x5c build/main.o
 .text._Z18SystemClock_Configv
                0x0000000008004ad8       0x76 build/main.o
                0x0000000008004ad8                SystemClock_Config()
 *fill*         0x0000000008004b4e        0x2 
 .text.main     0x0000000008004b50      0x158 build/main.o
                0x0000000008004b50                main
 .text.HAL_UART_RxCpltCallback
                0x0000000008004ca8       0x60 build/main.o
                0x0000000008004ca8                HAL_UART_RxCpltCallback
 .text.HAL_UART_TxCpltCallback
                0x0000000008004d08       0x68 build/main.o
                0x0000000008004d08                HAL_UART_TxCpltCallback
 .text.Error_Handler
                0x0000000008004d70        0x2 build/main.o
                0x0000000008004d70                Error_Handler
 .text._GLOBAL__sub_I_hadc1
                0x0000000008004d72        0xe build/main.o
 .text._ZN8FwLoggerC2Ev
                0x0000000008004d80        0x2 build/FwLogger.o
                0x0000000008004d80                FwLogger::FwLogger()
                0x0000000008004d80                FwLogger::FwLogger()
 *fill*         0x0000000008004d82        0x2 
 .text._ZN8FwLogger4evalEPh
                0x0000000008004d84       0x10 build/FwLogger.o
                0x0000000008004d84                FwLogger::eval(unsigned char*)
 .text.Reset_Handler
                0x0000000008004d94       0x48 build/startup_stm32f103xe.o
                0x0000000008004d94                Reset_Handler
 .text.Default_Handler
                0x0000000008004ddc        0x2 build/startup_stm32f103xe.o
                0x0000000008004ddc                RTC_Alarm_IRQHandler
                0x0000000008004ddc                EXTI2_IRQHandler
                0x0000000008004ddc                TIM8_TRG_COM_IRQHandler
                0x0000000008004ddc                TIM8_CC_IRQHandler
                0x0000000008004ddc                TIM1_CC_IRQHandler
                0x0000000008004ddc                TIM6_IRQHandler
                0x0000000008004ddc                PVD_IRQHandler
                0x0000000008004ddc                SDIO_IRQHandler
                0x0000000008004ddc                EXTI3_IRQHandler
                0x0000000008004ddc                EXTI0_IRQHandler
                0x0000000008004ddc                I2C2_EV_IRQHandler
                0x0000000008004ddc                ADC1_2_IRQHandler
                0x0000000008004ddc                TAMPER_IRQHandler
                0x0000000008004ddc                TIM8_UP_IRQHandler
                0x0000000008004ddc                DMA2_Channel2_IRQHandler
                0x0000000008004ddc                USART3_IRQHandler
                0x0000000008004ddc                RTC_IRQHandler
                0x0000000008004ddc                CAN1_RX1_IRQHandler
                0x0000000008004ddc                UART5_IRQHandler
                0x0000000008004ddc                ADC3_IRQHandler
                0x0000000008004ddc                TIM4_IRQHandler
                0x0000000008004ddc                DMA2_Channel1_IRQHandler
                0x0000000008004ddc                I2C1_EV_IRQHandler
                0x0000000008004ddc                UART4_IRQHandler
                0x0000000008004ddc                TIM3_IRQHandler
                0x0000000008004ddc                RCC_IRQHandler
                0x0000000008004ddc                TIM1_TRG_COM_IRQHandler
                0x0000000008004ddc                DMA1_Channel1_IRQHandler
                0x0000000008004ddc                Default_Handler
                0x0000000008004ddc                EXTI15_10_IRQHandler
                0x0000000008004ddc                TIM7_IRQHandler
                0x0000000008004ddc                TIM5_IRQHandler
                0x0000000008004ddc                EXTI9_5_IRQHandler
                0x0000000008004ddc                SPI2_IRQHandler
                0x0000000008004ddc                DMA1_Channel5_IRQHandler
                0x0000000008004ddc                EXTI4_IRQHandler
                0x0000000008004ddc                USB_LP_CAN1_RX0_IRQHandler
                0x0000000008004ddc                USB_HP_CAN1_TX_IRQHandler
                0x0000000008004ddc                FSMC_IRQHandler
                0x0000000008004ddc                TIM1_UP_IRQHandler
                0x0000000008004ddc                WWDG_IRQHandler
                0x0000000008004ddc                TIM2_IRQHandler
                0x0000000008004ddc                TIM1_BRK_IRQHandler
                0x0000000008004ddc                EXTI1_IRQHandler
                0x0000000008004ddc                DMA2_Channel4_5_IRQHandler
                0x0000000008004ddc                USART2_IRQHandler
                0x0000000008004ddc                I2C2_ER_IRQHandler
                0x0000000008004ddc                TIM8_BRK_IRQHandler
                0x0000000008004ddc                CAN1_SCE_IRQHandler
                0x0000000008004ddc                FLASH_IRQHandler
                0x0000000008004ddc                SPI3_IRQHandler
                0x0000000008004ddc                I2C1_ER_IRQHandler
                0x0000000008004ddc                USBWakeUp_IRQHandler
                0x0000000008004ddc                DMA2_Channel3_IRQHandler
 *(.glue_7)
 .glue_7        0x0000000008004dde        0x0 linker stubs
 *(.glue_7t)
 .glue_7t       0x0000000008004dde        0x0 linker stubs
 *(.eh_frame)
 *fill*         0x0000000008004dde        0x2 
 .eh_frame      0x0000000008004de0        0x0 /usr/lib/gcc/arm-none-eabi/6.3.1/thumb/v7-m/crtbegin.o
 *(.init)
 .init          0x0000000008004de0        0x4 /usr/lib/gcc/arm-none-eabi/6.3.1/thumb/v7-m/crti.o
                0x0000000008004de0                _init
 .init          0x0000000008004de4        0x8 /usr/lib/gcc/arm-none-eabi/6.3.1/thumb/v7-m/crtn.o
 *(.fini)
 .fini          0x0000000008004dec        0x4 /usr/lib/gcc/arm-none-eabi/6.3.1/thumb/v7-m/crti.o
                0x0000000008004dec                _fini
 .fini          0x0000000008004df0        0x8 /usr/lib/gcc/arm-none-eabi/6.3.1/thumb/v7-m/crtn.o
                0x0000000008004df8                . = ALIGN (0x4)
                0x0000000008004df8                _etext = .

.vfp11_veneer   0x0000000008004df8        0x0
 .vfp11_veneer  0x0000000008004df8        0x0 linker stubs

.v4_bx          0x0000000008004df8        0x0
 .v4_bx         0x0000000008004df8        0x0 linker stubs

.iplt           0x0000000008004df8        0x0
 .iplt          0x0000000008004df8        0x0 /usr/lib/gcc/arm-none-eabi/6.3.1/thumb/v7-m/crtbegin.o

.rodata         0x0000000008004df8       0x48
                0x0000000008004df8                . = ALIGN (0x4)
 *(.rodata)
 .rodata        0x0000000008004df8       0x12 build/stm32f1xx_hal_rcc.o
 *fill*         0x0000000008004e0a        0x2 
 .rodata        0x0000000008004e0c       0x12 build/stm32f1xx_hal_rcc_ex.o
 *(.rodata*)
 *fill*         0x0000000008004e1e        0x2 
 .rodata.AHBPrescTable
                0x0000000008004e20       0x10 build/system_stm32f1xx.o
                0x0000000008004e20                AHBPrescTable
 .rodata.APBPrescTable
                0x0000000008004e30        0x8 build/system_stm32f1xx.o
                0x0000000008004e30                APBPrescTable
 .rodata._ZN8FwLogger4evalEPh.str1.4
                0x0000000008004e38        0x2 build/FwLogger.o
 *fill*         0x0000000008004e3a        0x2 
 .rodata.str1.4
                0x0000000008004e3c        0x4 /usr/lib/gcc/arm-none-eabi/6.3.1/../../../arm-none-eabi/lib/thumb/v7-m/libc_nano.a(lib_a-impure.o)
                                          0x2 (size before relaxing)
                0x0000000008004e40                . = ALIGN (0x4)

.rel.dyn        0x0000000008004e40        0x0
 .rel.iplt      0x0000000008004e40        0x0 /usr/lib/gcc/arm-none-eabi/6.3.1/thumb/v7-m/crtbegin.o

.ARM.extab
 *(.ARM.extab* .gnu.linkonce.armextab.*)

.ARM            0x0000000008004e40        0x0
                0x0000000008004e40                __exidx_start = .
 *(.ARM.exidx*)
                0x0000000008004e40                __exidx_end = .

.preinit_array  0x0000000008004e40        0x0
                0x0000000008004e40                PROVIDE (__preinit_array_start, .)
 *(.preinit_array*)
                0x0000000008004e40                PROVIDE (__preinit_array_end, .)

.init_array     0x0000000008004e40        0x8
                0x0000000008004e40                PROVIDE (__init_array_start, .)
 *(SORT(.init_array.*))
 *(.init_array*)
 .init_array    0x0000000008004e40        0x4 /usr/lib/gcc/arm-none-eabi/6.3.1/thumb/v7-m/crtbegin.o
 .init_array    0x0000000008004e44        0x4 build/main.o
                0x0000000008004e48                PROVIDE (__init_array_end, .)

.fini_array     0x0000000008004e48        0x4
                0x0000000008004e48                PROVIDE (__fini_array_start, .)
 *(SORT(.fini_array.*))
 *(.fini_array*)
 .fini_array    0x0000000008004e48        0x4 /usr/lib/gcc/arm-none-eabi/6.3.1/thumb/v7-m/crtbegin.o
                0x0000000008004e4c                PROVIDE (__fini_array_end, .)
                0x0000000008004e4c                _sidata = LOADADDR (.data)

.data           0x0000000020000000       0x70 load address 0x0000000008004e4c
                0x0000000020000000                . = ALIGN (0x4)
                0x0000000020000000                _sdata = .
 *(.data)
 .data          0x0000000020000000       0x64 /usr/lib/gcc/arm-none-eabi/6.3.1/../../../arm-none-eabi/lib/thumb/v7-m/libc_nano.a(lib_a-impure.o)
                0x0000000020000000                _impure_ptr
 *(.data*)
 .data.uwTickFreq
                0x0000000020000064        0x1 build/stm32f1xx_hal.o
                0x0000000020000064                uwTickFreq
 *fill*         0x0000000020000065        0x3 
 .data.uwTickPrio
                0x0000000020000068        0x4 build/stm32f1xx_hal.o
                0x0000000020000068                uwTickPrio
 .data.SystemCoreClock
                0x000000002000006c        0x4 build/system_stm32f1xx.o
                0x000000002000006c                SystemCoreClock
                0x0000000020000070                . = ALIGN (0x4)
                0x0000000020000070                _edata = .

.jcr            0x0000000020000070        0x0 load address 0x0000000008004ebc
 .jcr           0x0000000020000070        0x0 /usr/lib/gcc/arm-none-eabi/6.3.1/thumb/v7-m/crtbegin.o

.tm_clone_table
                0x0000000020000070        0x0 load address 0x0000000008004ebc
 .tm_clone_table
                0x0000000020000070        0x0 /usr/lib/gcc/arm-none-eabi/6.3.1/thumb/v7-m/crtbegin.o
 .tm_clone_table
                0x0000000020000070        0x0 /usr/lib/gcc/arm-none-eabi/6.3.1/thumb/v7-m/crtend.o

.igot.plt       0x0000000020000070        0x0 load address 0x0000000008004ebc
 .igot.plt      0x0000000020000070        0x0 /usr/lib/gcc/arm-none-eabi/6.3.1/thumb/v7-m/crtbegin.o
                0x0000000020000070                . = ALIGN (0x4)

.bss            0x0000000020000070      0x7a4 load address 0x0000000008004ebc
                0x0000000020000070                _sbss = .
                0x0000000020000070                __bss_start__ = _sbss
 *(.bss)
 .bss           0x0000000020000070       0x1c /usr/lib/gcc/arm-none-eabi/6.3.1/thumb/v7-m/crtbegin.o
 .bss           0x000000002000008c        0x8 /usr/lib/gcc/arm-none-eabi/6.3.1/../../../arm-none-eabi/lib/thumb/v7-m/libc_nano.a(lib_a-nano-mallocr.o)
                0x000000002000008c                __malloc_free_list
                0x0000000020000090                __malloc_sbrk_start
 .bss           0x0000000020000094        0x4 /usr/lib/gcc/arm-none-eabi/6.3.1/../../../arm-none-eabi/lib/thumb/v7-m/libnosys.a(sbrk.o)
 *(.bss*)
 .bss.adc3_data
                0x0000000020000098        0xc build/main.o
                0x0000000020000098                adc3_data
 .bss.command_received
                0x00000000200000a4        0x1 build/main.o
                0x00000000200000a4                command_received
 *fill*         0x00000000200000a5        0x3 
 .bss.hadc1     0x00000000200000a8       0x30 build/main.o
                0x00000000200000a8                hadc1
 .bss.hadc3     0x00000000200000d8       0x30 build/main.o
                0x00000000200000d8                hadc3
 .bss.hdac      0x0000000020000108       0x14 build/main.o
                0x0000000020000108                hdac
 .bss.hdma_adc1
                0x000000002000011c       0x44 build/main.o
                0x000000002000011c                hdma_adc1
 .bss.hdma_adc3
                0x0000000020000160       0x44 build/main.o
                0x0000000020000160                hdma_adc3
 .bss.hdma_i2c1_tx
                0x00000000200001a4       0x44 build/main.o
                0x00000000200001a4                hdma_i2c1_tx
 .bss.hdma_spi1_tx
                0x00000000200001e8       0x44 build/main.o
                0x00000000200001e8                hdma_spi1_tx
 .bss.hdma_usart1_tx
                0x000000002000022c       0x44 build/main.o
                0x000000002000022c                hdma_usart1_tx
 .bss.hdma_usart2_tx
                0x0000000020000270       0x44 build/main.o
                0x0000000020000270                hdma_usart2_tx
 .bss.hdma_usart3_tx
                0x00000000200002b4       0x44 build/main.o
                0x00000000200002b4                hdma_usart3_tx
 .bss.hi2c1     0x00000000200002f8       0x54 build/main.o
                0x00000000200002f8                hi2c1
 .bss.hi2c2     0x000000002000034c       0x54 build/main.o
                0x000000002000034c                hi2c2
 .bss.hrtc      0x00000000200003a0       0x14 build/main.o
                0x00000000200003a0                hrtc
 .bss.hsd       0x00000000200003b4       0x84 build/main.o
                0x00000000200003b4                hsd
 .bss.hspi1     0x0000000020000438       0x58 build/main.o
                0x0000000020000438                hspi1
 .bss.hspi2     0x0000000020000490       0x58 build/main.o
                0x0000000020000490                hspi2
 .bss.hspi3     0x00000000200004e8       0x58 build/main.o
                0x00000000200004e8                hspi3
 .bss.htim1     0x0000000020000540       0x40 build/main.o
                0x0000000020000540                htim1
 .bss.htim2     0x0000000020000580       0x40 build/main.o
                0x0000000020000580                htim2
 .bss.htim3     0x00000000200005c0       0x40 build/main.o
                0x00000000200005c0                htim3
 .bss.htim4     0x0000000020000600       0x40 build/main.o
                0x0000000020000600                htim4
 .bss.huart1    0x0000000020000640       0x40 build/main.o
                0x0000000020000640                huart1
 .bss.huart2    0x0000000020000680       0x40 build/main.o
                0x0000000020000680                huart2
 .bss.huart3    0x00000000200006c0       0x40 build/main.o
                0x00000000200006c0                huart3
 .bss.logger    0x0000000020000700        0x1 build/main.o
                0x0000000020000700                logger
 *fill*         0x0000000020000701        0x3 
 .bss.rx_buffer
                0x0000000020000704       0x81 build/main.o
                0x0000000020000704                rx_buffer
 .bss.rx_char   0x0000000020000785        0x1 build/main.o
                0x0000000020000785                rx_char
 .bss.transmitting
                0x0000000020000786        0x1 build/main.o
                0x0000000020000786                transmitting
 *fill*         0x0000000020000787        0x1 
 .bss.tx_buffer
                0x0000000020000788       0x83 build/main.o
                0x0000000020000788                tx_buffer
 *(COMMON)
 *fill*         0x000000002000080b        0x1 
 COMMON         0x000000002000080c        0x4 build/stm32f1xx_hal.o
                0x000000002000080c                uwTick
 COMMON         0x0000000020000810        0x4 /usr/lib/gcc/arm-none-eabi/6.3.1/../../../arm-none-eabi/lib/thumb/v7-m/libc_nano.a(lib_a-reent.o)
                0x0000000020000810                errno
                0x0000000020000814                . = ALIGN (0x4)
                0x0000000020000814                _ebss = .
                0x0000000020000814                __bss_end__ = _ebss

._user_heap_stack
                0x0000000020000814      0x604 load address 0x0000000008004ebc
                0x0000000020000818                . = ALIGN (0x8)
 *fill*         0x0000000020000814        0x4 
                0x0000000020000818                PROVIDE (end, .)
                [!provide]                        PROVIDE (_end, .)
                0x0000000020000a18                . = (. + _Min_Heap_Size)
 *fill*         0x0000000020000818      0x200 
                0x0000000020000e18                . = (. + _Min_Stack_Size)
 *fill*         0x0000000020000a18      0x400 
                0x0000000020000e18                . = ALIGN (0x8)

/DISCARD/
 libc.a(*)
 libm.a(*)
 libgcc.a(*)

.ARM.attributes
                0x0000000000000000       0x29
 *(.ARM.attributes)
 .ARM.attributes
                0x0000000000000000       0x1d /usr/lib/gcc/arm-none-eabi/6.3.1/thumb/v7-m/crti.o
 .ARM.attributes
                0x000000000000001d       0x2d /usr/lib/gcc/arm-none-eabi/6.3.1/thumb/v7-m/crtbegin.o
 .ARM.attributes
                0x000000000000004a       0x33 build/stm32f1xx_it.o
 .ARM.attributes
                0x000000000000007d       0x33 build/stm32f1xx_hal_msp.o
 .ARM.attributes
                0x00000000000000b0       0x33 build/stm32f1xx_hal_adc.o
 .ARM.attributes
                0x00000000000000e3       0x33 build/stm32f1xx_hal.o
 .ARM.attributes
                0x0000000000000116       0x33 build/stm32f1xx_hal_rcc.o
 .ARM.attributes
                0x0000000000000149       0x33 build/stm32f1xx_hal_rcc_ex.o
 .ARM.attributes
                0x000000000000017c       0x33 build/stm32f1xx_hal_gpio.o
 .ARM.attributes
                0x00000000000001af       0x33 build/stm32f1xx_hal_dma.o
 .ARM.attributes
                0x00000000000001e2       0x33 build/stm32f1xx_hal_cortex.o
 .ARM.attributes
                0x0000000000000215       0x33 build/stm32f1xx_hal_pwr.o
 .ARM.attributes
                0x0000000000000248       0x33 build/stm32f1xx_hal_dac.o
 .ARM.attributes
                0x000000000000027b       0x33 build/stm32f1xx_hal_i2c.o
 .ARM.attributes
                0x00000000000002ae       0x33 build/stm32f1xx_hal_rtc.o
 .ARM.attributes
                0x00000000000002e1       0x33 build/stm32f1xx_ll_sdmmc.o
 .ARM.attributes
                0x0000000000000314       0x33 build/stm32f1xx_hal_sd.o
 .ARM.attributes
                0x0000000000000347       0x33 build/stm32f1xx_hal_spi.o
 .ARM.attributes
                0x000000000000037a       0x33 build/stm32f1xx_hal_tim.o
 .ARM.attributes
                0x00000000000003ad       0x33 build/stm32f1xx_hal_tim_ex.o
 .ARM.attributes
                0x00000000000003e0       0x33 build/stm32f1xx_hal_uart.o
 .ARM.attributes
                0x0000000000000413       0x33 build/system_stm32f1xx.o
 .ARM.attributes
                0x0000000000000446       0x33 build/main.o
 .ARM.attributes
                0x0000000000000479       0x33 build/FwLogger.o
 .ARM.attributes
                0x00000000000004ac       0x21 build/startup_stm32f103xe.o
 .ARM.attributes
                0x00000000000004cd       0x2d /usr/lib/gcc/arm-none-eabi/6.3.1/../../../arm-none-eabi/lib/thumb/v7-m/libc_nano.a(lib_a-impure.o)
 .ARM.attributes
                0x00000000000004fa       0x2d /usr/lib/gcc/arm-none-eabi/6.3.1/../../../arm-none-eabi/lib/thumb/v7-m/libc_nano.a(lib_a-init.o)
 .ARM.attributes
                0x0000000000000527       0x2d /usr/lib/gcc/arm-none-eabi/6.3.1/../../../arm-none-eabi/lib/thumb/v7-m/libc_nano.a(lib_a-memset.o)
 .ARM.attributes
                0x0000000000000554       0x2d /usr/lib/gcc/arm-none-eabi/6.3.1/../../../arm-none-eabi/lib/thumb/v7-m/libc_nano.a(lib_a-strtok.o)
 .ARM.attributes
                0x0000000000000581       0x2d /usr/lib/gcc/arm-none-eabi/6.3.1/../../../arm-none-eabi/lib/thumb/v7-m/libc_nano.a(lib_a-strtok_r.o)
 .ARM.attributes
                0x00000000000005ae       0x2d /usr/lib/gcc/arm-none-eabi/6.3.1/../../../arm-none-eabi/lib/thumb/v7-m/libc_nano.a(lib_a-malloc.o)
 .ARM.attributes
                0x00000000000005db       0x2d /usr/lib/gcc/arm-none-eabi/6.3.1/../../../arm-none-eabi/lib/thumb/v7-m/libc_nano.a(lib_a-nano-freer.o)
 .ARM.attributes
                0x0000000000000608       0x2d /usr/lib/gcc/arm-none-eabi/6.3.1/../../../arm-none-eabi/lib/thumb/v7-m/libc_nano.a(lib_a-nano-mallocr.o)
 .ARM.attributes
                0x0000000000000635       0x2d /usr/lib/gcc/arm-none-eabi/6.3.1/../../../arm-none-eabi/lib/thumb/v7-m/libc_nano.a(lib_a-sbrkr.o)
 .ARM.attributes
                0x0000000000000662       0x2d /usr/lib/gcc/arm-none-eabi/6.3.1/../../../arm-none-eabi/lib/thumb/v7-m/libc_nano.a(lib_a-reent.o)
 .ARM.attributes
                0x000000000000068f       0x2d /usr/lib/gcc/arm-none-eabi/6.3.1/../../../arm-none-eabi/lib/thumb/v7-m/libnosys.a(sbrk.o)
 .ARM.attributes
                0x00000000000006bc       0x2d /usr/lib/gcc/arm-none-eabi/6.3.1/thumb/v7-m/crtend.o
 .ARM.attributes
                0x00000000000006e9       0x1d /usr/lib/gcc/arm-none-eabi/6.3.1/thumb/v7-m/crtn.o
OUTPUT(build/FLogger.elf elf32-littlearm)

.comment        0x0000000000000000       0x31
 .comment       0x0000000000000000       0x31 /usr/lib/gcc/arm-none-eabi/6.3.1/thumb/v7-m/crtbegin.o
                                         0x32 (size before relaxing)
 .comment       0x0000000000000031       0x32 build/stm32f1xx_it.o
 .comment       0x0000000000000031       0x32 build/stm32f1xx_hal_msp.o
 .comment       0x0000000000000031       0x32 build/stm32f1xx_hal_adc.o
 .comment       0x0000000000000031       0x32 build/stm32f1xx_hal.o
 .comment       0x0000000000000031       0x32 build/stm32f1xx_hal_rcc.o
 .comment       0x0000000000000031       0x32 build/stm32f1xx_hal_rcc_ex.o
 .comment       0x0000000000000031       0x32 build/stm32f1xx_hal_gpio.o
 .comment       0x0000000000000031       0x32 build/stm32f1xx_hal_dma.o
 .comment       0x0000000000000031       0x32 build/stm32f1xx_hal_cortex.o
 .comment       0x0000000000000031       0x32 build/stm32f1xx_hal_pwr.o
 .comment       0x0000000000000031       0x32 build/stm32f1xx_hal_dac.o
 .comment       0x0000000000000031       0x32 build/stm32f1xx_hal_i2c.o
 .comment       0x0000000000000031       0x32 build/stm32f1xx_hal_rtc.o
 .comment       0x0000000000000031       0x32 build/stm32f1xx_ll_sdmmc.o
 .comment       0x0000000000000031       0x32 build/stm32f1xx_hal_sd.o
 .comment       0x0000000000000031       0x32 build/stm32f1xx_hal_spi.o
 .comment       0x0000000000000031       0x32 build/stm32f1xx_hal_tim.o
 .comment       0x0000000000000031       0x32 build/stm32f1xx_hal_tim_ex.o
 .comment       0x0000000000000031       0x32 build/stm32f1xx_hal_uart.o
 .comment       0x0000000000000031       0x32 build/system_stm32f1xx.o
 .comment       0x0000000000000031       0x32 build/main.o
 .comment       0x0000000000000031       0x32 build/FwLogger.o
 .comment       0x0000000000000031       0x32 /usr/lib/gcc/arm-none-eabi/6.3.1/../../../arm-none-eabi/lib/thumb/v7-m/libc_nano.a(lib_a-impure.o)
 .comment       0x0000000000000031       0x32 /usr/lib/gcc/arm-none-eabi/6.3.1/../../../arm-none-eabi/lib/thumb/v7-m/libc_nano.a(lib_a-init.o)
 .comment       0x0000000000000031       0x32 /usr/lib/gcc/arm-none-eabi/6.3.1/../../../arm-none-eabi/lib/thumb/v7-m/libc_nano.a(lib_a-memset.o)
 .comment       0x0000000000000031       0x32 /usr/lib/gcc/arm-none-eabi/6.3.1/../../../arm-none-eabi/lib/thumb/v7-m/libc_nano.a(lib_a-strtok.o)
 .comment       0x0000000000000031       0x32 /usr/lib/gcc/arm-none-eabi/6.3.1/../../../arm-none-eabi/lib/thumb/v7-m/libc_nano.a(lib_a-strtok_r.o)
 .comment       0x0000000000000031       0x32 /usr/lib/gcc/arm-none-eabi/6.3.1/../../../arm-none-eabi/lib/thumb/v7-m/libc_nano.a(lib_a-malloc.o)
 .comment       0x0000000000000031       0x32 /usr/lib/gcc/arm-none-eabi/6.3.1/../../../arm-none-eabi/lib/thumb/v7-m/libc_nano.a(lib_a-nano-freer.o)
 .comment       0x0000000000000031       0x32 /usr/lib/gcc/arm-none-eabi/6.3.1/../../../arm-none-eabi/lib/thumb/v7-m/libc_nano.a(lib_a-nano-mallocr.o)
 .comment       0x0000000000000031       0x32 /usr/lib/gcc/arm-none-eabi/6.3.1/../../../arm-none-eabi/lib/thumb/v7-m/libc_nano.a(lib_a-sbrkr.o)
 .comment       0x0000000000000031       0x32 /usr/lib/gcc/arm-none-eabi/6.3.1/../../../arm-none-eabi/lib/thumb/v7-m/libc_nano.a(lib_a-reent.o)
 .comment       0x0000000000000031       0x32 /usr/lib/gcc/arm-none-eabi/6.3.1/../../../arm-none-eabi/lib/thumb/v7-m/libnosys.a(sbrk.o)
 .comment       0x0000000000000031       0x32 /usr/lib/gcc/arm-none-eabi/6.3.1/thumb/v7-m/crtend.o

.debug_info     0x0000000000000000    0x241d1
 .debug_info    0x0000000000000000      0xb1d build/stm32f1xx_it.o
 .debug_info    0x0000000000000b1d     0x2a5f build/stm32f1xx_hal_msp.o
 .debug_info    0x000000000000357c      0xf6b build/stm32f1xx_hal_adc.o
 .debug_info    0x00000000000044e7      0x8c1 build/stm32f1xx_hal.o
 .debug_info    0x0000000000004da8      0xa9d build/stm32f1xx_hal_rcc.o
 .debug_info    0x0000000000005845      0x50b build/stm32f1xx_hal_rcc_ex.o
 .debug_info    0x0000000000005d50      0x704 build/stm32f1xx_hal_gpio.o
 .debug_info    0x0000000000006454      0x8b9 build/stm32f1xx_hal_dma.o
 .debug_info    0x0000000000006d0d      0xdc0 build/stm32f1xx_hal_cortex.o
 .debug_info    0x0000000000007acd      0x7a1 build/stm32f1xx_hal_pwr.o
 .debug_info    0x000000000000826e      0xb55 build/stm32f1xx_hal_dac.o
 .debug_info    0x0000000000008dc3     0x356e build/stm32f1xx_hal_i2c.o
 .debug_info    0x000000000000c331     0x1494 build/stm32f1xx_hal_rtc.o
 .debug_info    0x000000000000d7c5     0x17c8 build/stm32f1xx_ll_sdmmc.o
 .debug_info    0x000000000000ef8d     0x251e build/stm32f1xx_hal_sd.o
 .debug_info    0x00000000000114ab     0x1c53 build/stm32f1xx_hal_spi.o
 .debug_info    0x00000000000130fe     0x346b build/stm32f1xx_hal_tim.o
 .debug_info    0x0000000000016569     0x1609 build/stm32f1xx_hal_tim_ex.o
 .debug_info    0x0000000000017b72     0x1810 build/stm32f1xx_hal_uart.o
 .debug_info    0x0000000000019382      0x48e build/system_stm32f1xx.o
 .debug_info    0x0000000000019810     0x41ed build/main.o
 .debug_info    0x000000000001d9fd      0xefe build/FwLogger.o
 .debug_info    0x000000000001e8fb       0x61 build/startup_stm32f103xe.o
 .debug_info    0x000000000001e95c      0x8a0 /usr/lib/gcc/arm-none-eabi/6.3.1/../../../arm-none-eabi/lib/thumb/v7-m/libc_nano.a(lib_a-impure.o)
 .debug_info    0x000000000001f1fc      0x110 /usr/lib/gcc/arm-none-eabi/6.3.1/../../../arm-none-eabi/lib/thumb/v7-m/libc_nano.a(lib_a-init.o)
 .debug_info    0x000000000001f30c      0x916 /usr/lib/gcc/arm-none-eabi/6.3.1/../../../arm-none-eabi/lib/thumb/v7-m/libc_nano.a(lib_a-memset.o)
 .debug_info    0x000000000001fc22      0x955 /usr/lib/gcc/arm-none-eabi/6.3.1/../../../arm-none-eabi/lib/thumb/v7-m/libc_nano.a(lib_a-strtok.o)
 .debug_info    0x0000000000020577      0x981 /usr/lib/gcc/arm-none-eabi/6.3.1/../../../arm-none-eabi/lib/thumb/v7-m/libc_nano.a(lib_a-strtok_r.o)
 .debug_info    0x0000000000020ef8      0x91d /usr/lib/gcc/arm-none-eabi/6.3.1/../../../arm-none-eabi/lib/thumb/v7-m/libc_nano.a(lib_a-malloc.o)
 .debug_info    0x0000000000021815      0xa51 /usr/lib/gcc/arm-none-eabi/6.3.1/../../../arm-none-eabi/lib/thumb/v7-m/libc_nano.a(lib_a-nano-freer.o)
 .debug_info    0x0000000000022266      0xb1f /usr/lib/gcc/arm-none-eabi/6.3.1/../../../arm-none-eabi/lib/thumb/v7-m/libc_nano.a(lib_a-nano-mallocr.o)
 .debug_info    0x0000000000022d85      0x955 /usr/lib/gcc/arm-none-eabi/6.3.1/../../../arm-none-eabi/lib/thumb/v7-m/libc_nano.a(lib_a-sbrkr.o)
 .debug_info    0x00000000000236da      0xa67 /usr/lib/gcc/arm-none-eabi/6.3.1/../../../arm-none-eabi/lib/thumb/v7-m/libc_nano.a(lib_a-reent.o)
 .debug_info    0x0000000000024141       0x90 /usr/lib/gcc/arm-none-eabi/6.3.1/../../../arm-none-eabi/lib/thumb/v7-m/libnosys.a(sbrk.o)

.debug_abbrev   0x0000000000000000     0x4768
 .debug_abbrev  0x0000000000000000      0x18e build/stm32f1xx_it.o
 .debug_abbrev  0x000000000000018e      0x25b build/stm32f1xx_hal_msp.o
 .debug_abbrev  0x00000000000003e9      0x231 build/stm32f1xx_hal_adc.o
 .debug_abbrev  0x000000000000061a      0x1fc build/stm32f1xx_hal.o
 .debug_abbrev  0x0000000000000816      0x270 build/stm32f1xx_hal_rcc.o
 .debug_abbrev  0x0000000000000a86      0x1c7 build/stm32f1xx_hal_rcc_ex.o
 .debug_abbrev  0x0000000000000c4d      0x211 build/stm32f1xx_hal_gpio.o
 .debug_abbrev  0x0000000000000e5e      0x263 build/stm32f1xx_hal_dma.o
 .debug_abbrev  0x00000000000010c1      0x316 build/stm32f1xx_hal_cortex.o
 .debug_abbrev  0x00000000000013d7      0x1ef build/stm32f1xx_hal_pwr.o
 .debug_abbrev  0x00000000000015c6      0x20e build/stm32f1xx_hal_dac.o
 .debug_abbrev  0x00000000000017d4      0x2e8 build/stm32f1xx_hal_i2c.o
 .debug_abbrev  0x0000000000001abc      0x24c build/stm32f1xx_hal_rtc.o
 .debug_abbrev  0x0000000000001d08      0x226 build/stm32f1xx_ll_sdmmc.o
 .debug_abbrev  0x0000000000001f2e      0x29d build/stm32f1xx_hal_sd.o
 .debug_abbrev  0x00000000000021cb      0x284 build/stm32f1xx_hal_spi.o
 .debug_abbrev  0x000000000000244f      0x282 build/stm32f1xx_hal_tim.o
 .debug_abbrev  0x00000000000026d1      0x269 build/stm32f1xx_hal_tim_ex.o
 .debug_abbrev  0x000000000000293a      0x2ab build/stm32f1xx_hal_uart.o
 .debug_abbrev  0x0000000000002be5      0x131 build/system_stm32f1xx.o
 .debug_abbrev  0x0000000000002d16      0x50e build/main.o
 .debug_abbrev  0x0000000000003224      0x2d5 build/FwLogger.o
 .debug_abbrev  0x00000000000034f9       0x12 build/startup_stm32f103xe.o
 .debug_abbrev  0x000000000000350b      0x153 /usr/lib/gcc/arm-none-eabi/6.3.1/../../../arm-none-eabi/lib/thumb/v7-m/libc_nano.a(lib_a-impure.o)
 .debug_abbrev  0x000000000000365e       0xba /usr/lib/gcc/arm-none-eabi/6.3.1/../../../arm-none-eabi/lib/thumb/v7-m/libc_nano.a(lib_a-init.o)
 .debug_abbrev  0x0000000000003718      0x197 /usr/lib/gcc/arm-none-eabi/6.3.1/../../../arm-none-eabi/lib/thumb/v7-m/libc_nano.a(lib_a-memset.o)
 .debug_abbrev  0x00000000000038af      0x20d /usr/lib/gcc/arm-none-eabi/6.3.1/../../../arm-none-eabi/lib/thumb/v7-m/libc_nano.a(lib_a-strtok.o)
 .debug_abbrev  0x0000000000003abc      0x1f9 /usr/lib/gcc/arm-none-eabi/6.3.1/../../../arm-none-eabi/lib/thumb/v7-m/libc_nano.a(lib_a-strtok_r.o)
 .debug_abbrev  0x0000000000003cb5      0x1c0 /usr/lib/gcc/arm-none-eabi/6.3.1/../../../arm-none-eabi/lib/thumb/v7-m/libc_nano.a(lib_a-malloc.o)
 .debug_abbrev  0x0000000000003e75      0x1ef /usr/lib/gcc/arm-none-eabi/6.3.1/../../../arm-none-eabi/lib/thumb/v7-m/libc_nano.a(lib_a-nano-freer.o)
 .debug_abbrev  0x0000000000004064      0x274 /usr/lib/gcc/arm-none-eabi/6.3.1/../../../arm-none-eabi/lib/thumb/v7-m/libc_nano.a(lib_a-nano-mallocr.o)
 .debug_abbrev  0x00000000000042d8      0x1d6 /usr/lib/gcc/arm-none-eabi/6.3.1/../../../arm-none-eabi/lib/thumb/v7-m/libc_nano.a(lib_a-sbrkr.o)
 .debug_abbrev  0x00000000000044ae      0x228 /usr/lib/gcc/arm-none-eabi/6.3.1/../../../arm-none-eabi/lib/thumb/v7-m/libc_nano.a(lib_a-reent.o)
 .debug_abbrev  0x00000000000046d6       0x92 /usr/lib/gcc/arm-none-eabi/6.3.1/../../../arm-none-eabi/lib/thumb/v7-m/libnosys.a(sbrk.o)

.debug_loc      0x0000000000000000    0x17858
 .debug_loc     0x0000000000000000      0x100 build/stm32f1xx_it.o
 .debug_loc     0x0000000000000100      0x8d1 build/stm32f1xx_hal_msp.o
 .debug_loc     0x00000000000009d1      0xc2e build/stm32f1xx_hal_adc.o
 .debug_loc     0x00000000000015ff      0x1b0 build/stm32f1xx_hal.o
 .debug_loc     0x00000000000017af      0x678 build/stm32f1xx_hal_rcc.o
 .debug_loc     0x0000000000001e27      0x39e build/stm32f1xx_hal_rcc_ex.o
 .debug_loc     0x00000000000021c5      0x42e build/stm32f1xx_hal_gpio.o
 .debug_loc     0x00000000000025f3      0x850 build/stm32f1xx_hal_dma.o
 .debug_loc     0x0000000000002e43      0x685 build/stm32f1xx_hal_cortex.o
 .debug_loc     0x00000000000034c8       0xf5 build/stm32f1xx_hal_pwr.o
 .debug_loc     0x00000000000035bd      0x84c build/stm32f1xx_hal_dac.o
 .debug_loc     0x0000000000003e09     0x42de build/stm32f1xx_hal_i2c.o
 .debug_loc     0x00000000000080e7     0x17f6 build/stm32f1xx_hal_rtc.o
 .debug_loc     0x00000000000098dd     0x14ab build/stm32f1xx_ll_sdmmc.o
 .debug_loc     0x000000000000ad88     0x22aa build/stm32f1xx_hal_sd.o
 .debug_loc     0x000000000000d032     0x20de build/stm32f1xx_hal_spi.o
 .debug_loc     0x000000000000f110     0x4328 build/stm32f1xx_hal_tim.o
 .debug_loc     0x0000000000013438     0x162f build/stm32f1xx_hal_tim_ex.o
 .debug_loc     0x0000000000014a67     0x19f7 build/stm32f1xx_hal_uart.o
 .debug_loc     0x000000000001645e       0xdf build/system_stm32f1xx.o
 .debug_loc     0x000000000001653d      0x716 build/main.o
 .debug_loc     0x0000000000016c53       0x6d build/FwLogger.o
 .debug_loc     0x0000000000016cc0       0xae /usr/lib/gcc/arm-none-eabi/6.3.1/../../../arm-none-eabi/lib/thumb/v7-m/libc_nano.a(lib_a-init.o)
 .debug_loc     0x0000000000016d6e      0x1bd /usr/lib/gcc/arm-none-eabi/6.3.1/../../../arm-none-eabi/lib/thumb/v7-m/libc_nano.a(lib_a-memset.o)
 .debug_loc     0x0000000000016f2b       0xa3 /usr/lib/gcc/arm-none-eabi/6.3.1/../../../arm-none-eabi/lib/thumb/v7-m/libc_nano.a(lib_a-strtok.o)
 .debug_loc     0x0000000000016fce      0x209 /usr/lib/gcc/arm-none-eabi/6.3.1/../../../arm-none-eabi/lib/thumb/v7-m/libc_nano.a(lib_a-strtok_r.o)
 .debug_loc     0x00000000000171d7       0x58 /usr/lib/gcc/arm-none-eabi/6.3.1/../../../arm-none-eabi/lib/thumb/v7-m/libc_nano.a(lib_a-malloc.o)
 .debug_loc     0x000000000001722f      0x140 /usr/lib/gcc/arm-none-eabi/6.3.1/../../../arm-none-eabi/lib/thumb/v7-m/libc_nano.a(lib_a-nano-freer.o)
 .debug_loc     0x000000000001736f      0x378 /usr/lib/gcc/arm-none-eabi/6.3.1/../../../arm-none-eabi/lib/thumb/v7-m/libc_nano.a(lib_a-nano-mallocr.o)
 .debug_loc     0x00000000000176e7       0x4d /usr/lib/gcc/arm-none-eabi/6.3.1/../../../arm-none-eabi/lib/thumb/v7-m/libc_nano.a(lib_a-sbrkr.o)
 .debug_loc     0x0000000000017734       0xec /usr/lib/gcc/arm-none-eabi/6.3.1/../../../arm-none-eabi/lib/thumb/v7-m/libc_nano.a(lib_a-reent.o)
 .debug_loc     0x0000000000017820       0x38 /usr/lib/gcc/arm-none-eabi/6.3.1/../../../arm-none-eabi/lib/thumb/v7-m/libnosys.a(sbrk.o)

.debug_aranges  0x0000000000000000     0x1868
 .debug_aranges
                0x0000000000000000       0x98 build/stm32f1xx_it.o
 .debug_aranges
                0x0000000000000098       0xb8 build/stm32f1xx_hal_msp.o
 .debug_aranges
                0x0000000000000150       0xf0 build/stm32f1xx_hal_adc.o
 .debug_aranges
                0x0000000000000240       0xe0 build/stm32f1xx_hal.o
 .debug_aranges
                0x0000000000000320       0x90 build/stm32f1xx_hal_rcc.o
 .debug_aranges
                0x00000000000003b0       0x30 build/stm32f1xx_hal_rcc_ex.o
 .debug_aranges
                0x00000000000003e0       0x58 build/stm32f1xx_hal_gpio.o
 .debug_aranges
                0x0000000000000438       0x80 build/stm32f1xx_hal_dma.o
 .debug_aranges
                0x00000000000004b8       0x90 build/stm32f1xx_hal_cortex.o
 .debug_aranges
                0x0000000000000548       0xa8 build/stm32f1xx_hal_pwr.o
 .debug_aranges
                0x00000000000005f0       0xc0 build/stm32f1xx_hal_dac.o
 .debug_aranges
                0x00000000000006b0      0x290 build/stm32f1xx_hal_i2c.o
 .debug_aranges
                0x0000000000000940       0xf8 build/stm32f1xx_hal_rtc.o
 .debug_aranges
                0x0000000000000a38      0x178 build/stm32f1xx_ll_sdmmc.o
 .debug_aranges
                0x0000000000000bb0      0x168 build/stm32f1xx_hal_sd.o
 .debug_aranges
                0x0000000000000d18      0x1d0 build/stm32f1xx_hal_spi.o
 .debug_aranges
                0x0000000000000ee8      0x3a8 build/stm32f1xx_hal_tim.o
 .debug_aranges
                0x0000000000001290      0x150 build/stm32f1xx_hal_tim_ex.o
 .debug_aranges
                0x00000000000013e0      0x1d0 build/stm32f1xx_hal_uart.o
 .debug_aranges
                0x00000000000015b0       0x28 build/system_stm32f1xx.o
 .debug_aranges
                0x00000000000015d8       0xe8 build/main.o
 .debug_aranges
                0x00000000000016c0       0x28 build/FwLogger.o
 .debug_aranges
                0x00000000000016e8       0x28 build/startup_stm32f103xe.o
 .debug_aranges
                0x0000000000001710       0x18 /usr/lib/gcc/arm-none-eabi/6.3.1/../../../arm-none-eabi/lib/thumb/v7-m/libc_nano.a(lib_a-impure.o)
 .debug_aranges
                0x0000000000001728       0x20 /usr/lib/gcc/arm-none-eabi/6.3.1/../../../arm-none-eabi/lib/thumb/v7-m/libc_nano.a(lib_a-init.o)
 .debug_aranges
                0x0000000000001748       0x20 /usr/lib/gcc/arm-none-eabi/6.3.1/../../../arm-none-eabi/lib/thumb/v7-m/libc_nano.a(lib_a-memset.o)
 .debug_aranges
                0x0000000000001768       0x20 /usr/lib/gcc/arm-none-eabi/6.3.1/../../../arm-none-eabi/lib/thumb/v7-m/libc_nano.a(lib_a-strtok.o)
 .debug_aranges
                0x0000000000001788       0x20 /usr/lib/gcc/arm-none-eabi/6.3.1/../../../arm-none-eabi/lib/thumb/v7-m/libc_nano.a(lib_a-strtok_r.o)
 .debug_aranges
                0x00000000000017a8       0x20 /usr/lib/gcc/arm-none-eabi/6.3.1/../../../arm-none-eabi/lib/thumb/v7-m/libc_nano.a(lib_a-malloc.o)
 .debug_aranges
                0x00000000000017c8       0x20 /usr/lib/gcc/arm-none-eabi/6.3.1/../../../arm-none-eabi/lib/thumb/v7-m/libc_nano.a(lib_a-nano-freer.o)
 .debug_aranges
                0x00000000000017e8       0x20 /usr/lib/gcc/arm-none-eabi/6.3.1/../../../arm-none-eabi/lib/thumb/v7-m/libc_nano.a(lib_a-nano-mallocr.o)
 .debug_aranges
                0x0000000000001808       0x20 /usr/lib/gcc/arm-none-eabi/6.3.1/../../../arm-none-eabi/lib/thumb/v7-m/libc_nano.a(lib_a-sbrkr.o)
 .debug_aranges
                0x0000000000001828       0x20 /usr/lib/gcc/arm-none-eabi/6.3.1/../../../arm-none-eabi/lib/thumb/v7-m/libc_nano.a(lib_a-reent.o)
 .debug_aranges
                0x0000000000001848       0x20 /usr/lib/gcc/arm-none-eabi/6.3.1/../../../arm-none-eabi/lib/thumb/v7-m/libnosys.a(sbrk.o)

.debug_ranges   0x0000000000000000     0x1718
 .debug_ranges  0x0000000000000000       0x88 build/stm32f1xx_it.o
 .debug_ranges  0x0000000000000088       0xa8 build/stm32f1xx_hal_msp.o
 .debug_ranges  0x0000000000000130       0xe0 build/stm32f1xx_hal_adc.o
 .debug_ranges  0x0000000000000210       0xd0 build/stm32f1xx_hal.o
 .debug_ranges  0x00000000000002e0       0xa0 build/stm32f1xx_hal_rcc.o
 .debug_ranges  0x0000000000000380       0x38 build/stm32f1xx_hal_rcc_ex.o
 .debug_ranges  0x00000000000003b8       0x48 build/stm32f1xx_hal_gpio.o
 .debug_ranges  0x0000000000000400       0x70 build/stm32f1xx_hal_dma.o
 .debug_ranges  0x0000000000000470       0xe0 build/stm32f1xx_hal_cortex.o
 .debug_ranges  0x0000000000000550       0x98 build/stm32f1xx_hal_pwr.o
 .debug_ranges  0x00000000000005e8       0xb0 build/stm32f1xx_hal_dac.o
 .debug_ranges  0x0000000000000698      0x298 build/stm32f1xx_hal_i2c.o
 .debug_ranges  0x0000000000000930       0xe8 build/stm32f1xx_hal_rtc.o
 .debug_ranges  0x0000000000000a18      0x168 build/stm32f1xx_ll_sdmmc.o
 .debug_ranges  0x0000000000000b80      0x158 build/stm32f1xx_hal_sd.o
 .debug_ranges  0x0000000000000cd8      0x1c0 build/stm32f1xx_hal_spi.o
 .debug_ranges  0x0000000000000e98      0x398 build/stm32f1xx_hal_tim.o
 .debug_ranges  0x0000000000001230      0x140 build/stm32f1xx_hal_tim_ex.o
 .debug_ranges  0x0000000000001370      0x1c0 build/stm32f1xx_hal_uart.o
 .debug_ranges  0x0000000000001530       0x18 build/system_stm32f1xx.o
 .debug_ranges  0x0000000000001548      0x120 build/main.o
 .debug_ranges  0x0000000000001668       0x18 build/FwLogger.o
 .debug_ranges  0x0000000000001680       0x20 build/startup_stm32f103xe.o
 .debug_ranges  0x00000000000016a0       0x38 /usr/lib/gcc/arm-none-eabi/6.3.1/../../../arm-none-eabi/lib/thumb/v7-m/libc_nano.a(lib_a-strtok.o)
 .debug_ranges  0x00000000000016d8       0x40 /usr/lib/gcc/arm-none-eabi/6.3.1/../../../arm-none-eabi/lib/thumb/v7-m/libc_nano.a(lib_a-nano-mallocr.o)

.debug_line     0x0000000000000000     0xa8a8
 .debug_line    0x0000000000000000      0x2a5 build/stm32f1xx_it.o
 .debug_line    0x00000000000002a5      0x5bd build/stm32f1xx_hal_msp.o
 .debug_line    0x0000000000000862      0x715 build/stm32f1xx_hal_adc.o
 .debug_line    0x0000000000000f77      0x354 build/stm32f1xx_hal.o
 .debug_line    0x00000000000012cb      0x48c build/stm32f1xx_hal_rcc.o
 .debug_line    0x0000000000001757      0x274 build/stm32f1xx_hal_rcc_ex.o
 .debug_line    0x00000000000019cb      0x335 build/stm32f1xx_hal_gpio.o
 .debug_line    0x0000000000001d00      0x75d build/stm32f1xx_hal_dma.o
 .debug_line    0x000000000000245d      0x328 build/stm32f1xx_hal_cortex.o
 .debug_line    0x0000000000002785      0x2f6 build/stm32f1xx_hal_pwr.o
 .debug_line    0x0000000000002a7b      0x3f6 build/stm32f1xx_hal_dac.o
 .debug_line    0x0000000000002e71     0x17ee build/stm32f1xx_hal_i2c.o
 .debug_line    0x000000000000465f      0x6a0 build/stm32f1xx_hal_rtc.o
 .debug_line    0x0000000000004cff      0x607 build/stm32f1xx_ll_sdmmc.o
 .debug_line    0x0000000000005306      0xa7b build/stm32f1xx_hal_sd.o
 .debug_line    0x0000000000005d81      0xbbb build/stm32f1xx_hal_spi.o
 .debug_line    0x000000000000693c     0x13fe build/stm32f1xx_hal_tim.o
 .debug_line    0x0000000000007d3a      0x7ca build/stm32f1xx_hal_tim_ex.o
 .debug_line    0x0000000000008504      0xad6 build/stm32f1xx_hal_uart.o
 .debug_line    0x0000000000008fda      0x194 build/system_stm32f1xx.o
 .debug_line    0x000000000000916e      0x791 build/main.o
 .debug_line    0x00000000000098ff      0x1c3 build/FwLogger.o
 .debug_line    0x0000000000009ac2       0x72 build/startup_stm32f103xe.o
 .debug_line    0x0000000000009b34       0xe9 /usr/lib/gcc/arm-none-eabi/6.3.1/../../../arm-none-eabi/lib/thumb/v7-m/libc_nano.a(lib_a-impure.o)
 .debug_line    0x0000000000009c1d       0xb9 /usr/lib/gcc/arm-none-eabi/6.3.1/../../../arm-none-eabi/lib/thumb/v7-m/libc_nano.a(lib_a-init.o)
 .debug_line    0x0000000000009cd6      0x176 /usr/lib/gcc/arm-none-eabi/6.3.1/../../../arm-none-eabi/lib/thumb/v7-m/libc_nano.a(lib_a-memset.o)
 .debug_line    0x0000000000009e4c      0x154 /usr/lib/gcc/arm-none-eabi/6.3.1/../../../arm-none-eabi/lib/thumb/v7-m/libc_nano.a(lib_a-strtok.o)
 .debug_line    0x0000000000009fa0      0x17f /usr/lib/gcc/arm-none-eabi/6.3.1/../../../arm-none-eabi/lib/thumb/v7-m/libc_nano.a(lib_a-strtok_r.o)
 .debug_line    0x000000000000a11f      0x154 /usr/lib/gcc/arm-none-eabi/6.3.1/../../../arm-none-eabi/lib/thumb/v7-m/libc_nano.a(lib_a-malloc.o)
 .debug_line    0x000000000000a273      0x160 /usr/lib/gcc/arm-none-eabi/6.3.1/../../../arm-none-eabi/lib/thumb/v7-m/libc_nano.a(lib_a-nano-freer.o)
 .debug_line    0x000000000000a3d3      0x1a4 /usr/lib/gcc/arm-none-eabi/6.3.1/../../../arm-none-eabi/lib/thumb/v7-m/libc_nano.a(lib_a-nano-mallocr.o)
 .debug_line    0x000000000000a577      0x15a /usr/lib/gcc/arm-none-eabi/6.3.1/../../../arm-none-eabi/lib/thumb/v7-m/libc_nano.a(lib_a-sbrkr.o)
 .debug_line    0x000000000000a6d1      0x17c /usr/lib/gcc/arm-none-eabi/6.3.1/../../../arm-none-eabi/lib/thumb/v7-m/libc_nano.a(lib_a-reent.o)
 .debug_line    0x000000000000a84d       0x5b /usr/lib/gcc/arm-none-eabi/6.3.1/../../../arm-none-eabi/lib/thumb/v7-m/libnosys.a(sbrk.o)

.debug_str      0x0000000000000000     0x7304
 .debug_str     0x0000000000000000      0x79b build/stm32f1xx_it.o
                                        0x930 (size before relaxing)
 .debug_str     0x000000000000079b      0xe46 build/stm32f1xx_hal_msp.o
                                       0x1847 (size before relaxing)
 .debug_str     0x00000000000015e1      0x383 build/stm32f1xx_hal_adc.o
                                        0x940 (size before relaxing)
 .debug_str     0x0000000000001964      0x260 build/stm32f1xx_hal.o
                                        0x900 (size before relaxing)
 .debug_str     0x0000000000001bc4      0x2d4 build/stm32f1xx_hal_rcc.o
                                        0x671 (size before relaxing)
 .debug_str     0x0000000000001e98      0x11a build/stm32f1xx_hal_rcc_ex.o
                                        0x48e (size before relaxing)
 .debug_str     0x0000000000001fb2      0x137 build/stm32f1xx_hal_gpio.o
                                        0x48f (size before relaxing)
 .debug_str     0x00000000000020e9      0x1e9 build/stm32f1xx_hal_dma.o
                                        0x68c (size before relaxing)
 .debug_str     0x00000000000022d2      0x37e build/stm32f1xx_hal_cortex.o
                                        0xa22 (size before relaxing)
 .debug_str     0x0000000000002650      0x201 build/stm32f1xx_hal_pwr.o
                                        0x518 (size before relaxing)
 .debug_str     0x0000000000002851      0x1d7 build/stm32f1xx_hal_dac.o
                                        0x79a (size before relaxing)
 .debug_str     0x0000000000002a28      0x857 build/stm32f1xx_hal_i2c.o
                                        0xff2 (size before relaxing)
 .debug_str     0x000000000000327f      0x3ac build/stm32f1xx_hal_rtc.o
                                        0x837 (size before relaxing)
 .debug_str     0x000000000000362b      0x49b build/stm32f1xx_ll_sdmmc.o
                                        0x83c (size before relaxing)
 .debug_str     0x0000000000003ac6      0x6d7 build/stm32f1xx_hal_sd.o
                                       0x10ba (size before relaxing)
 .debug_str     0x000000000000419d      0x4e5 build/stm32f1xx_hal_spi.o
                                        0xbb9 (size before relaxing)
 .debug_str     0x0000000000004682      0xdb7 build/stm32f1xx_hal_tim.o
                                       0x14c0 (size before relaxing)
 .debug_str     0x0000000000005439      0x50e build/stm32f1xx_hal_tim_ex.o
                                        0xcd8 (size before relaxing)
 .debug_str     0x0000000000005947      0x4f0 build/stm32f1xx_hal_uart.o
                                        0xc08 (size before relaxing)
 .debug_str     0x0000000000005e37       0x4a build/system_stm32f1xx.o
                                        0x2fe (size before relaxing)
 .debug_str     0x0000000000005e81      0xd25 build/main.o
                                       0x2ac1 (size before relaxing)
 .debug_str     0x0000000000006ba6       0x2c build/FwLogger.o
                                        0x8d3 (size before relaxing)
 .debug_str     0x0000000000006bd2      0x16f /usr/lib/gcc/arm-none-eabi/6.3.1/../../../arm-none-eabi/lib/thumb/v7-m/libc_nano.a(lib_a-impure.o)
                                        0x5a6 (size before relaxing)
 .debug_str     0x0000000000006d41       0xf3 /usr/lib/gcc/arm-none-eabi/6.3.1/../../../arm-none-eabi/lib/thumb/v7-m/libc_nano.a(lib_a-init.o)
                                        0x1f7 (size before relaxing)
 .debug_str     0x0000000000006e34       0xa0 /usr/lib/gcc/arm-none-eabi/6.3.1/../../../arm-none-eabi/lib/thumb/v7-m/libc_nano.a(lib_a-memset.o)
                                        0x5be (size before relaxing)
 .debug_str     0x0000000000006ed4       0x3c /usr/lib/gcc/arm-none-eabi/6.3.1/../../../arm-none-eabi/lib/thumb/v7-m/libc_nano.a(lib_a-strtok.o)
                                        0x5c1 (size before relaxing)
 .debug_str     0x0000000000006f10       0x57 /usr/lib/gcc/arm-none-eabi/6.3.1/../../../arm-none-eabi/lib/thumb/v7-m/libc_nano.a(lib_a-strtok_r.o)
                                        0x5dc (size before relaxing)
 .debug_str     0x0000000000006f67       0xbb /usr/lib/gcc/arm-none-eabi/6.3.1/../../../arm-none-eabi/lib/thumb/v7-m/libc_nano.a(lib_a-malloc.o)
                                        0x5d7 (size before relaxing)
 .debug_str     0x0000000000007022      0x116 /usr/lib/gcc/arm-none-eabi/6.3.1/../../../arm-none-eabi/lib/thumb/v7-m/libc_nano.a(lib_a-nano-freer.o)
                                        0x6b8 (size before relaxing)
 .debug_str     0x0000000000007138       0x32 /usr/lib/gcc/arm-none-eabi/6.3.1/../../../arm-none-eabi/lib/thumb/v7-m/libc_nano.a(lib_a-nano-mallocr.o)
                                        0x6cf (size before relaxing)
 .debug_str     0x000000000000716a       0x6a /usr/lib/gcc/arm-none-eabi/6.3.1/../../../arm-none-eabi/lib/thumb/v7-m/libc_nano.a(lib_a-sbrkr.o)
                                        0x5e9 (size before relaxing)
 .debug_str     0x00000000000071d4       0x5b /usr/lib/gcc/arm-none-eabi/6.3.1/../../../arm-none-eabi/lib/thumb/v7-m/libc_nano.a(lib_a-reent.o)
                                        0x5e2 (size before relaxing)
 .debug_str     0x000000000000722f       0xd5 /usr/lib/gcc/arm-none-eabi/6.3.1/../../../arm-none-eabi/lib/thumb/v7-m/libnosys.a(sbrk.o)
                                         0xee (size before relaxing)

.debug_frame    0x0000000000000000     0x4bc4
 .debug_frame   0x0000000000000000      0x170 build/stm32f1xx_it.o
 .debug_frame   0x0000000000000170      0x264 build/stm32f1xx_hal_msp.o
 .debug_frame   0x00000000000003d4      0x300 build/stm32f1xx_hal_adc.o
 .debug_frame   0x00000000000006d4      0x1e4 build/stm32f1xx_hal.o
 .debug_frame   0x00000000000008b8      0x1c8 build/stm32f1xx_hal_rcc.o
 .debug_frame   0x0000000000000a80       0x74 build/stm32f1xx_hal_rcc_ex.o
 .debug_frame   0x0000000000000af4      0x104 build/stm32f1xx_hal_gpio.o
 .debug_frame   0x0000000000000bf8      0x164 build/stm32f1xx_hal_dma.o
 .debug_frame   0x0000000000000d5c      0x13c build/stm32f1xx_hal_cortex.o
 .debug_frame   0x0000000000000e98      0x148 build/stm32f1xx_hal_pwr.o
 .debug_frame   0x0000000000000fe0      0x228 build/stm32f1xx_hal_dac.o
 .debug_frame   0x0000000000001208      0xa10 build/stm32f1xx_hal_i2c.o
 .debug_frame   0x0000000000001c18      0x3d4 build/stm32f1xx_hal_rtc.o
 .debug_frame   0x0000000000001fec      0x4f0 build/stm32f1xx_ll_sdmmc.o
 .debug_frame   0x00000000000024dc      0x560 build/stm32f1xx_hal_sd.o
 .debug_frame   0x0000000000002a3c      0x624 build/stm32f1xx_hal_spi.o
 .debug_frame   0x0000000000003060      0xbd0 build/stm32f1xx_hal_tim.o
 .debug_frame   0x0000000000003c30      0x430 build/stm32f1xx_hal_tim_ex.o
 .debug_frame   0x0000000000004060      0x570 build/stm32f1xx_hal_uart.o
 .debug_frame   0x00000000000045d0       0x30 build/system_stm32f1xx.o
 .debug_frame   0x0000000000004600      0x35c build/main.o
 .debug_frame   0x000000000000495c       0x3c build/FwLogger.o
 .debug_frame   0x0000000000004998       0x2c /usr/lib/gcc/arm-none-eabi/6.3.1/../../../arm-none-eabi/lib/thumb/v7-m/libc_nano.a(lib_a-init.o)
 .debug_frame   0x00000000000049c4       0x34 /usr/lib/gcc/arm-none-eabi/6.3.1/../../../arm-none-eabi/lib/thumb/v7-m/libc_nano.a(lib_a-memset.o)
 .debug_frame   0x00000000000049f8       0x38 /usr/lib/gcc/arm-none-eabi/6.3.1/../../../arm-none-eabi/lib/thumb/v7-m/libc_nano.a(lib_a-strtok.o)
 .debug_frame   0x0000000000004a30       0x48 /usr/lib/gcc/arm-none-eabi/6.3.1/../../../arm-none-eabi/lib/thumb/v7-m/libc_nano.a(lib_a-strtok_r.o)
 .debug_frame   0x0000000000004a78       0x30 /usr/lib/gcc/arm-none-eabi/6.3.1/../../../arm-none-eabi/lib/thumb/v7-m/libc_nano.a(lib_a-malloc.o)
 .debug_frame   0x0000000000004aa8       0x40 /usr/lib/gcc/arm-none-eabi/6.3.1/../../../arm-none-eabi/lib/thumb/v7-m/libc_nano.a(lib_a-nano-freer.o)
 .debug_frame   0x0000000000004ae8       0x2c /usr/lib/gcc/arm-none-eabi/6.3.1/../../../arm-none-eabi/lib/thumb/v7-m/libc_nano.a(lib_a-nano-mallocr.o)
 .debug_frame   0x0000000000004b14       0x2c /usr/lib/gcc/arm-none-eabi/6.3.1/../../../arm-none-eabi/lib/thumb/v7-m/libc_nano.a(lib_a-sbrkr.o)
 .debug_frame   0x0000000000004b40       0x64 /usr/lib/gcc/arm-none-eabi/6.3.1/../../../arm-none-eabi/lib/thumb/v7-m/libc_nano.a(lib_a-reent.o)
 .debug_frame   0x0000000000004ba4       0x20 /usr/lib/gcc/arm-none-eabi/6.3.1/../../../arm-none-eabi/lib/thumb/v7-m/libnosys.a(sbrk.o)

Cross Reference Table

Symbol                                            File
ADC1_2_IRQHandler                                 build/startup_stm32f103xe.o
ADC3_IRQHandler                                   build/startup_stm32f103xe.o
ADC_ConversionStop_Disable                        build/stm32f1xx_hal_adc.o
                                                  build/stm32f1xx_hal_adc_ex.o
ADC_DMAConvCplt                                   build/stm32f1xx_hal_adc.o
                                                  build/stm32f1xx_hal_adc_ex.o
ADC_DMAError                                      build/stm32f1xx_hal_adc.o
                                                  build/stm32f1xx_hal_adc_ex.o
ADC_DMAHalfConvCplt                               build/stm32f1xx_hal_adc.o
                                                  build/stm32f1xx_hal_adc_ex.o
ADC_Enable                                        build/stm32f1xx_hal_adc.o
                                                  build/stm32f1xx_hal_adc_ex.o
AHBPrescTable                                     build/system_stm32f1xx.o
                                                  build/stm32f1xx_hal_rcc.o
APBPrescTable                                     build/system_stm32f1xx.o
                                                  build/stm32f1xx_hal_rcc.o
BusFault_Handler                                  build/stm32f1xx_it.o
CAN1_RX1_IRQHandler                               build/startup_stm32f103xe.o
CAN1_SCE_IRQHandler                               build/startup_stm32f103xe.o
DAC_DMAConvCpltCh1                                build/stm32f1xx_hal_dac.o
DAC_DMAConvCpltCh2                                build/stm32f1xx_hal_dac_ex.o
                                                  build/stm32f1xx_hal_dac.o
DAC_DMAErrorCh1                                   build/stm32f1xx_hal_dac.o
DAC_DMAErrorCh2                                   build/stm32f1xx_hal_dac_ex.o
                                                  build/stm32f1xx_hal_dac.o
DAC_DMAHalfConvCpltCh1                            build/stm32f1xx_hal_dac.o
DAC_DMAHalfConvCpltCh2                            build/stm32f1xx_hal_dac_ex.o
                                                  build/stm32f1xx_hal_dac.o
DMA1_Channel1_IRQHandler                          build/startup_stm32f103xe.o
DMA1_Channel2_IRQHandler                          build/stm32f1xx_it.o
DMA1_Channel3_IRQHandler                          build/stm32f1xx_it.o
DMA1_Channel4_IRQHandler                          build/stm32f1xx_it.o
DMA1_Channel5_IRQHandler                          build/startup_stm32f103xe.o
DMA1_Channel6_IRQHandler                          build/stm32f1xx_it.o
DMA1_Channel7_IRQHandler                          build/stm32f1xx_it.o
DMA2_Channel1_IRQHandler                          build/startup_stm32f103xe.o
DMA2_Channel2_IRQHandler                          build/startup_stm32f103xe.o
DMA2_Channel3_IRQHandler                          build/startup_stm32f103xe.o
DMA2_Channel4_5_IRQHandler                        build/startup_stm32f103xe.o
DebugMon_Handler                                  build/stm32f1xx_it.o
Default_Handler                                   build/startup_stm32f103xe.o
EXTI0_IRQHandler                                  build/startup_stm32f103xe.o
EXTI15_10_IRQHandler                              build/startup_stm32f103xe.o
EXTI1_IRQHandler                                  build/startup_stm32f103xe.o
EXTI2_IRQHandler                                  build/startup_stm32f103xe.o
EXTI3_IRQHandler                                  build/startup_stm32f103xe.o
EXTI4_IRQHandler                                  build/startup_stm32f103xe.o
EXTI9_5_IRQHandler                                build/startup_stm32f103xe.o
Error_Handler                                     build/main.o
                                                  build/stm32f1xx_hal_msp.o
FLASH_IRQHandler                                  build/startup_stm32f103xe.o
FLASH_PageErase                                   build/stm32f1xx_hal_flash_ex.o
                                                  build/stm32f1xx_hal_flash.o
FLASH_WaitForLastOperation                        build/stm32f1xx_hal_flash.o
                                                  build/stm32f1xx_hal_flash_ex.o
FSMC_IRQHandler                                   build/startup_stm32f103xe.o
FwLogger::FwLogger()                              build/FwLogger.o
                                                  build/main.o
FwLogger::FwLogger()                              build/FwLogger.o
FwLogger::eval(unsigned char*)                    build/FwLogger.o
                                                  build/main.o
HAL_ADCEx_Calibration_Start                       build/stm32f1xx_hal_adc_ex.o
HAL_ADCEx_InjectedConfigChannel                   build/stm32f1xx_hal_adc_ex.o
HAL_ADCEx_InjectedConvCpltCallback                build/stm32f1xx_hal_adc_ex.o
                                                  build/stm32f1xx_hal_adc.o
HAL_ADCEx_InjectedGetValue                        build/stm32f1xx_hal_adc_ex.o
HAL_ADCEx_InjectedPollForConversion               build/stm32f1xx_hal_adc_ex.o
HAL_ADCEx_InjectedStart                           build/stm32f1xx_hal_adc_ex.o
HAL_ADCEx_InjectedStart_IT                        build/stm32f1xx_hal_adc_ex.o
HAL_ADCEx_InjectedStop                            build/stm32f1xx_hal_adc_ex.o
HAL_ADCEx_InjectedStop_IT                         build/stm32f1xx_hal_adc_ex.o
HAL_ADCEx_MultiModeConfigChannel                  build/stm32f1xx_hal_adc_ex.o
HAL_ADCEx_MultiModeGetValue                       build/stm32f1xx_hal_adc_ex.o
HAL_ADCEx_MultiModeStart_DMA                      build/stm32f1xx_hal_adc_ex.o
HAL_ADCEx_MultiModeStop_DMA                       build/stm32f1xx_hal_adc_ex.o
HAL_ADC_AnalogWDGConfig                           build/stm32f1xx_hal_adc.o
HAL_ADC_ConfigChannel                             build/stm32f1xx_hal_adc.o
                                                  build/main.o
HAL_ADC_ConvCpltCallback                          build/stm32f1xx_hal_adc.o
HAL_ADC_ConvHalfCpltCallback                      build/stm32f1xx_hal_adc.o
HAL_ADC_DeInit                                    build/stm32f1xx_hal_adc.o
HAL_ADC_ErrorCallback                             build/stm32f1xx_hal_adc.o
HAL_ADC_GetError                                  build/stm32f1xx_hal_adc.o
HAL_ADC_GetState                                  build/stm32f1xx_hal_adc.o
HAL_ADC_GetValue                                  build/stm32f1xx_hal_adc.o
HAL_ADC_IRQHandler                                build/stm32f1xx_hal_adc.o
HAL_ADC_Init                                      build/stm32f1xx_hal_adc.o
                                                  build/main.o
HAL_ADC_LevelOutOfWindowCallback                  build/stm32f1xx_hal_adc.o
HAL_ADC_MspDeInit                                 build/stm32f1xx_hal_msp.o
HAL_ADC_MspInit                                   build/stm32f1xx_hal_msp.o
HAL_ADC_PollForConversion                         build/stm32f1xx_hal_adc.o
HAL_ADC_PollForEvent                              build/stm32f1xx_hal_adc.o
HAL_ADC_Start                                     build/stm32f1xx_hal_adc.o
HAL_ADC_Start_DMA                                 build/stm32f1xx_hal_adc.o
                                                  build/main.o
HAL_ADC_Start_IT                                  build/stm32f1xx_hal_adc.o
HAL_ADC_Stop                                      build/stm32f1xx_hal_adc.o
HAL_ADC_Stop_DMA                                  build/stm32f1xx_hal_adc.o
HAL_ADC_Stop_IT                                   build/stm32f1xx_hal_adc.o
HAL_DACEx_ConvCpltCallbackCh2                     build/stm32f1xx_hal_dac_ex.o
HAL_DACEx_ConvHalfCpltCallbackCh2                 build/stm32f1xx_hal_dac_ex.o
HAL_DACEx_DMAUnderrunCallbackCh2                  build/stm32f1xx_hal_dac_ex.o
HAL_DACEx_DualGetValue                            build/stm32f1xx_hal_dac_ex.o
HAL_DACEx_DualSetValue                            build/stm32f1xx_hal_dac_ex.o
HAL_DACEx_ErrorCallbackCh2                        build/stm32f1xx_hal_dac_ex.o
HAL_DACEx_NoiseWaveGenerate                       build/stm32f1xx_hal_dac_ex.o
HAL_DACEx_TriangleWaveGenerate                    build/stm32f1xx_hal_dac_ex.o
HAL_DAC_ConfigChannel                             build/stm32f1xx_hal_dac.o
                                                  build/main.o
HAL_DAC_ConvCpltCallbackCh1                       build/stm32f1xx_hal_dac.o
HAL_DAC_ConvHalfCpltCallbackCh1                   build/stm32f1xx_hal_dac.o
HAL_DAC_DMAUnderrunCallbackCh1                    build/stm32f1xx_hal_dac.o
HAL_DAC_DeInit                                    build/stm32f1xx_hal_dac.o
HAL_DAC_ErrorCallbackCh1                          build/stm32f1xx_hal_dac.o
HAL_DAC_GetError                                  build/stm32f1xx_hal_dac.o
HAL_DAC_GetState                                  build/stm32f1xx_hal_dac.o
HAL_DAC_GetValue                                  build/stm32f1xx_hal_dac.o
HAL_DAC_IRQHandler                                build/stm32f1xx_hal_dac.o
HAL_DAC_Init                                      build/stm32f1xx_hal_dac.o
                                                  build/main.o
HAL_DAC_MspDeInit                                 build/stm32f1xx_hal_msp.o
HAL_DAC_MspInit                                   build/stm32f1xx_hal_msp.o
HAL_DAC_SetValue                                  build/stm32f1xx_hal_dac.o
HAL_DAC_Start                                     build/stm32f1xx_hal_dac.o
HAL_DAC_Start_DMA                                 build/stm32f1xx_hal_dac.o
HAL_DAC_Stop                                      build/stm32f1xx_hal_dac.o
HAL_DAC_Stop_DMA                                  build/stm32f1xx_hal_dac.o
HAL_DBGMCU_DisableDBGSleepMode                    build/stm32f1xx_hal.o
HAL_DBGMCU_DisableDBGStandbyMode                  build/stm32f1xx_hal.o
HAL_DBGMCU_DisableDBGStopMode                     build/stm32f1xx_hal.o
HAL_DBGMCU_EnableDBGSleepMode                     build/stm32f1xx_hal.o
HAL_DBGMCU_EnableDBGStandbyMode                   build/stm32f1xx_hal.o
HAL_DBGMCU_EnableDBGStopMode                      build/stm32f1xx_hal.o
HAL_DMA_Abort                                     build/stm32f1xx_hal_dma.o
                                                  build/stm32f1xx_hal_uart.o
                                                  build/stm32f1xx_hal_spi.o
                                                  build/stm32f1xx_hal_sd.o
                                                  build/stm32f1xx_hal_dac.o
                                                  build/stm32f1xx_hal_adc_ex.o
                                                  build/stm32f1xx_hal_adc.o
HAL_DMA_Abort_IT                                  build/stm32f1xx_hal_dma.o
                                                  build/stm32f1xx_hal_uart.o
                                                  build/stm32f1xx_hal_tim_ex.o
                                                  build/stm32f1xx_hal_tim.o
                                                  build/stm32f1xx_hal_spi.o
                                                  build/stm32f1xx_hal_sd.o
                                                  build/stm32f1xx_hal_i2c.o
HAL_DMA_DeInit                                    build/stm32f1xx_hal_dma.o
                                                  build/stm32f1xx_hal_msp.o
HAL_DMA_GetError                                  build/stm32f1xx_hal_dma.o
                                                  build/stm32f1xx_hal_uart.o
HAL_DMA_GetState                                  build/stm32f1xx_hal_dma.o
                                                  build/stm32f1xx_hal_i2c.o
HAL_DMA_IRQHandler                                build/stm32f1xx_hal_dma.o
                                                  build/stm32f1xx_it.o
HAL_DMA_Init                                      build/stm32f1xx_hal_dma.o
                                                  build/stm32f1xx_hal_msp.o
HAL_DMA_PollForTransfer                           build/stm32f1xx_hal_dma.o
HAL_DMA_RegisterCallback                          build/stm32f1xx_hal_dma.o
HAL_DMA_Start                                     build/stm32f1xx_hal_dma.o
HAL_DMA_Start_IT                                  build/stm32f1xx_hal_dma.o
                                                  build/stm32f1xx_hal_uart.o
                                                  build/stm32f1xx_hal_tim_ex.o
                                                  build/stm32f1xx_hal_tim.o
                                                  build/stm32f1xx_hal_spi.o
                                                  build/stm32f1xx_hal_sd.o
                                                  build/stm32f1xx_hal_i2c.o
                                                  build/stm32f1xx_hal_dac.o
                                                  build/stm32f1xx_hal_adc_ex.o
                                                  build/stm32f1xx_hal_adc.o
HAL_DMA_UnRegisterCallback                        build/stm32f1xx_hal_dma.o
HAL_DeInit                                        build/stm32f1xx_hal.o
HAL_Delay                                         build/stm32f1xx_hal.o
                                                  build/stm32f1xx_ll_sdmmc.o
HAL_EXTI_ClearConfigLine                          build/stm32f1xx_hal_exti.o
HAL_EXTI_ClearPending                             build/stm32f1xx_hal_exti.o
HAL_EXTI_GenerateSWI                              build/stm32f1xx_hal_exti.o
HAL_EXTI_GetConfigLine                            build/stm32f1xx_hal_exti.o
HAL_EXTI_GetHandle                                build/stm32f1xx_hal_exti.o
HAL_EXTI_GetPending                               build/stm32f1xx_hal_exti.o
HAL_EXTI_IRQHandler                               build/stm32f1xx_hal_exti.o
HAL_EXTI_RegisterCallback                         build/stm32f1xx_hal_exti.o
HAL_EXTI_SetConfigLine                            build/stm32f1xx_hal_exti.o
HAL_FLASHEx_Erase                                 build/stm32f1xx_hal_flash_ex.o
HAL_FLASHEx_Erase_IT                              build/stm32f1xx_hal_flash_ex.o
HAL_FLASHEx_OBErase                               build/stm32f1xx_hal_flash_ex.o
HAL_FLASHEx_OBGetConfig                           build/stm32f1xx_hal_flash_ex.o
HAL_FLASHEx_OBGetUserData                         build/stm32f1xx_hal_flash_ex.o
HAL_FLASHEx_OBProgram                             build/stm32f1xx_hal_flash_ex.o
HAL_FLASH_EndOfOperationCallback                  build/stm32f1xx_hal_flash.o